Archive member included to satisfy reference by file (symbol)

e:/programs/stm_cube_ide/stm32cubeide_1.9.0/stm32cubeide/plugins/com.st.stm32cube.ide.mcu.externaltools.gnu-tools-for-stm32.10.3-2021.10.win32_1.0.0.202111181127/tools/bin/../lib/gcc/arm-none-eabi/10.3.1/../../../../arm-none-eabi/lib/thumb/v7e-m+fp/hard\libc_nano.a(lib_a-errno.o)
                              ./Core/Src/syscalls.o (__errno)
e:/programs/stm_cube_ide/stm32cubeide_1.9.0/stm32cubeide/plugins/com.st.stm32cube.ide.mcu.externaltools.gnu-tools-for-stm32.10.3-2021.10.win32_1.0.0.202111181127/tools/bin/../lib/gcc/arm-none-eabi/10.3.1/../../../../arm-none-eabi/lib/thumb/v7e-m+fp/hard\libc_nano.a(lib_a-exit.o)
                              e:/programs/stm_cube_ide/stm32cubeide_1.9.0/stm32cubeide/plugins/com.st.stm32cube.ide.mcu.externaltools.gnu-tools-for-stm32.10.3-2021.10.win32_1.0.0.202111181127/tools/bin/../lib/gcc/arm-none-eabi/10.3.1/../../../../arm-none-eabi/lib/thumb/v7e-m+fp/hard/crt0.o (exit)
e:/programs/stm_cube_ide/stm32cubeide_1.9.0/stm32cubeide/plugins/com.st.stm32cube.ide.mcu.externaltools.gnu-tools-for-stm32.10.3-2021.10.win32_1.0.0.202111181127/tools/bin/../lib/gcc/arm-none-eabi/10.3.1/../../../../arm-none-eabi/lib/thumb/v7e-m+fp/hard\libc_nano.a(lib_a-impure.o)
                              e:/programs/stm_cube_ide/stm32cubeide_1.9.0/stm32cubeide/plugins/com.st.stm32cube.ide.mcu.externaltools.gnu-tools-for-stm32.10.3-2021.10.win32_1.0.0.202111181127/tools/bin/../lib/gcc/arm-none-eabi/10.3.1/../../../../arm-none-eabi/lib/thumb/v7e-m+fp/hard\libc_nano.a(lib_a-exit.o) (_global_impure_ptr)
e:/programs/stm_cube_ide/stm32cubeide_1.9.0/stm32cubeide/plugins/com.st.stm32cube.ide.mcu.externaltools.gnu-tools-for-stm32.10.3-2021.10.win32_1.0.0.202111181127/tools/bin/../lib/gcc/arm-none-eabi/10.3.1/../../../../arm-none-eabi/lib/thumb/v7e-m+fp/hard\libc_nano.a(lib_a-init.o)
                              e:/programs/stm_cube_ide/stm32cubeide_1.9.0/stm32cubeide/plugins/com.st.stm32cube.ide.mcu.externaltools.gnu-tools-for-stm32.10.3-2021.10.win32_1.0.0.202111181127/tools/bin/../lib/gcc/arm-none-eabi/10.3.1/../../../../arm-none-eabi/lib/thumb/v7e-m+fp/hard/crt0.o (__libc_init_array)
e:/programs/stm_cube_ide/stm32cubeide_1.9.0/stm32cubeide/plugins/com.st.stm32cube.ide.mcu.externaltools.gnu-tools-for-stm32.10.3-2021.10.win32_1.0.0.202111181127/tools/bin/../lib/gcc/arm-none-eabi/10.3.1/../../../../arm-none-eabi/lib/thumb/v7e-m+fp/hard\libc_nano.a(lib_a-memcpy-stub.o)
                              ./Middlewares/Third_Party/FreeRTOS/Source/queue.o (memcpy)
e:/programs/stm_cube_ide/stm32cubeide_1.9.0/stm32cubeide/plugins/com.st.stm32cube.ide.mcu.externaltools.gnu-tools-for-stm32.10.3-2021.10.win32_1.0.0.202111181127/tools/bin/../lib/gcc/arm-none-eabi/10.3.1/../../../../arm-none-eabi/lib/thumb/v7e-m+fp/hard\libc_nano.a(lib_a-memset.o)
                              e:/programs/stm_cube_ide/stm32cubeide_1.9.0/stm32cubeide/plugins/com.st.stm32cube.ide.mcu.externaltools.gnu-tools-for-stm32.10.3-2021.10.win32_1.0.0.202111181127/tools/bin/../lib/gcc/arm-none-eabi/10.3.1/../../../../arm-none-eabi/lib/thumb/v7e-m+fp/hard/crt0.o (memset)
e:/programs/stm_cube_ide/stm32cubeide_1.9.0/stm32cubeide/plugins/com.st.stm32cube.ide.mcu.externaltools.gnu-tools-for-stm32.10.3-2021.10.win32_1.0.0.202111181127/tools/bin/../lib/gcc/arm-none-eabi/10.3.1/../../../../arm-none-eabi/lib/thumb/v7e-m+fp/hard\libc_nano.a(lib_a-sprintf.o)
                              ./Core/Src/main.o (sprintf)
e:/programs/stm_cube_ide/stm32cubeide_1.9.0/stm32cubeide/plugins/com.st.stm32cube.ide.mcu.externaltools.gnu-tools-for-stm32.10.3-2021.10.win32_1.0.0.202111181127/tools/bin/../lib/gcc/arm-none-eabi/10.3.1/../../../../arm-none-eabi/lib/thumb/v7e-m+fp/hard\libc_nano.a(lib_a-sscanf.o)
                              ./Core/Src/main.o (sscanf)
e:/programs/stm_cube_ide/stm32cubeide_1.9.0/stm32cubeide/plugins/com.st.stm32cube.ide.mcu.externaltools.gnu-tools-for-stm32.10.3-2021.10.win32_1.0.0.202111181127/tools/bin/../lib/gcc/arm-none-eabi/10.3.1/../../../../arm-none-eabi/lib/thumb/v7e-m+fp/hard\libc_nano.a(lib_a-stdio.o)
                              e:/programs/stm_cube_ide/stm32cubeide_1.9.0/stm32cubeide/plugins/com.st.stm32cube.ide.mcu.externaltools.gnu-tools-for-stm32.10.3-2021.10.win32_1.0.0.202111181127/tools/bin/../lib/gcc/arm-none-eabi/10.3.1/../../../../arm-none-eabi/lib/thumb/v7e-m+fp/hard\libc_nano.a(lib_a-sscanf.o) (__seofread)
e:/programs/stm_cube_ide/stm32cubeide_1.9.0/stm32cubeide/plugins/com.st.stm32cube.ide.mcu.externaltools.gnu-tools-for-stm32.10.3-2021.10.win32_1.0.0.202111181127/tools/bin/../lib/gcc/arm-none-eabi/10.3.1/../../../../arm-none-eabi/lib/thumb/v7e-m+fp/hard\libc_nano.a(lib_a-strlen.o)
                              ./Middlewares/Third_Party/FreeRTOS/Source/tasks.o (strlen)
[...]
Memory Configuration

Name             Origin             Length             Attributes
RAM              0x0000000020000000 0x0000000000018000 xrw
FLASH            0x0000000008000000 0x0000000000080000 xr
*default*        0x0000000000000000 0xffffffffffffffff

Linker script and memory map

LOAD e:/programs/stm_cube_ide/stm32cubeide_1.9.0/stm32cubeide/plugins/com.st.stm32cube.ide.mcu.externaltools.gnu-tools-for-stm32.10.3-2021.10.win32_1.0.0.202111181127/tools/bin/../lib/gcc/arm-none-eabi/10.3.1/thumb/v7e-m+fp/hard/crti.o
LOAD e:/programs/stm_cube_ide/stm32cubeide_1.9.0/stm32cubeide/plugins/com.st.stm32cube.ide.mcu.externaltools.gnu-tools-for-stm32.10.3-2021.10.win32_1.0.0.202111181127/tools/bin/../lib/gcc/arm-none-eabi/10.3.1/thumb/v7e-m+fp/hard/crtbegin.o
LOAD e:/programs/stm_cube_ide/stm32cubeide_1.9.0/stm32cubeide/plugins/com.st.stm32cube.ide.mcu.externaltools.gnu-tools-for-stm32.10.3-2021.10.win32_1.0.0.202111181127/tools/bin/../lib/gcc/arm-none-eabi/10.3.1/../../../../arm-none-eabi/lib/thumb/v7e-m+fp/hard/crt0.o
LOAD ./Core/Src/freertos.o
LOAD ./Core/Src/main.o
LOAD ./Core/Src/mma8452x.o
LOAD ./Core/Src/stm32f4xx_hal_msp.o
LOAD ./Core/Src/stm32f4xx_hal_timebase_tim.o
LOAD ./Core/Src/stm32f4xx_it.o
LOAD ./Core/Src/syscalls.o
LOAD ./Core/Src/sysmem.o
LOAD ./Core/Src/system_stm32f4xx.o
LOAD ./Core/Startup/startup_stm32f401retx.o
LOAD ./Drivers/STM32F4xx_HAL_Driver/Src/stm32f4xx_hal.o
LOAD ./Drivers/STM32F4xx_HAL_Driver/Src/stm32f4xx_hal_adc.o
LOAD ./Drivers/STM32F4xx_HAL_Driver/Src/stm32f4xx_hal_adc_ex.o
LOAD ./Drivers/STM32F4xx_HAL_Driver/Src/stm32f4xx_hal_cortex.o
LOAD ./Drivers/STM32F4xx_HAL_Driver/Src/stm32f4xx_hal_dma.o
LOAD ./Drivers/STM32F4xx_HAL_Driver/Src/stm32f4xx_hal_dma_ex.o
LOAD ./Drivers/STM32F4xx_HAL_Driver/Src/stm32f4xx_hal_exti.o
LOAD ./Drivers/STM32F4xx_HAL_Driver/Src/stm32f4xx_hal_flash.o
LOAD ./Drivers/STM32F4xx_HAL_Driver/Src/stm32f4xx_hal_flash_ex.o
LOAD ./Drivers/STM32F4xx_HAL_Driver/Src/stm32f4xx_hal_flash_ramfunc.o
LOAD ./Drivers/STM32F4xx_HAL_Driver/Src/stm32f4xx_hal_gpio.o
LOAD ./Drivers/STM32F4xx_HAL_Driver/Src/stm32f4xx_hal_i2c.o
LOAD ./Drivers/STM32F4xx_HAL_Driver/Src/stm32f4xx_hal_i2c_ex.o
LOAD ./Drivers/STM32F4xx_HAL_Driver/Src/stm32f4xx_hal_pwr.o
LOAD ./Drivers/STM32F4xx_HAL_Driver/Src/stm32f4xx_hal_pwr_ex.o
LOAD ./Drivers/STM32F4xx_HAL_Driver/Src/stm32f4xx_hal_rcc.o
LOAD ./Drivers/STM32F4xx_HAL_Driver/Src/stm32f4xx_hal_rcc_ex.o
LOAD ./Drivers/STM32F4xx_HAL_Driver/Src/stm32f4xx_hal_tim.o
LOAD ./Drivers/STM32F4xx_HAL_Driver/Src/stm32f4xx_hal_tim_ex.o
LOAD ./Drivers/STM32F4xx_HAL_Driver/Src/stm32f4xx_hal_uart.o
LOAD ./Drivers/STM32F4xx_HAL_Driver/Src/stm32f4xx_ll_adc.o
LOAD ./Middlewares/Third_Party/FreeRTOS/Source/CMSIS_RTOS/cmsis_os.o
LOAD ./Middlewares/Third_Party/FreeRTOS/Source/croutine.o
LOAD ./Middlewares/Third_Party/FreeRTOS/Source/event_groups.o
LOAD ./Middlewares/Third_Party/FreeRTOS/Source/list.o
LOAD ./Middlewares/Third_Party/FreeRTOS/Source/queue.o
LOAD ./Middlewares/Third_Party/FreeRTOS/Source/stream_buffer.o
LOAD ./Middlewares/Third_Party/FreeRTOS/Source/tasks.o
LOAD ./Middlewares/Third_Party/FreeRTOS/Source/timers.o
LOAD ./Middlewares/Third_Party/FreeRTOS/Source/portable/GCC/ARM_CM4F/port.o
LOAD ./Middlewares/Third_Party/FreeRTOS/Source/portable/MemMang/heap_4.o
START GROUP
LOAD e:/programs/stm_cube_ide/stm32cubeide_1.9.0/stm32cubeide/plugins/com.st.stm32cube.ide.mcu.externaltools.gnu-tools-for-stm32.10.3-2021.10.win32_1.0.0.202111181127/tools/bin/../lib/gcc/arm-none-eabi/10.3.1/../../../../arm-none-eabi/lib/thumb/v7e-m+fp/hard\libc_nano.a
LOAD e:/programs/stm_cube_ide/stm32cubeide_1.9.0/stm32cubeide/plugins/com.st.stm32cube.ide.mcu.externaltools.gnu-tools-for-stm32.10.3-2021.10.win32_1.0.0.202111181127/tools/bin/../lib/gcc/arm-none-eabi/10.3.1/../../../../arm-none-eabi/lib/thumb/v7e-m+fp/hard\libm.a
END GROUP
START GROUP
LOAD e:/programs/stm_cube_ide/stm32cubeide_1.9.0/stm32cubeide/plugins/com.st.stm32cube.ide.mcu.externaltools.gnu-tools-for-stm32.10.3-2021.10.win32_1.0.0.202111181127/tools/bin/../lib/gcc/arm-none-eabi/10.3.1/thumb/v7e-m+fp/hard\libgcc.a
LOAD e:/programs/stm_cube_ide/stm32cubeide_1.9.0/stm32cubeide/plugins/com.st.stm32cube.ide.mcu.externaltools.gnu-tools-for-stm32.10.3-2021.10.win32_1.0.0.202111181127/tools/bin/../lib/gcc/arm-none-eabi/10.3.1/../../../../arm-none-eabi/lib/thumb/v7e-m+fp/hard\libc_nano.a
END GROUP
START GROUP
LOAD e:/programs/stm_cube_ide/stm32cubeide_1.9.0/stm32cubeide/plugins/com.st.stm32cube.ide.mcu.externaltools.gnu-tools-for-stm32.10.3-2021.10.win32_1.0.0.202111181127/tools/bin/../lib/gcc/arm-none-eabi/10.3.1/thumb/v7e-m+fp/hard\libgcc.a
LOAD e:/programs/stm_cube_ide/stm32cubeide_1.9.0/stm32cubeide/plugins/com.st.stm32cube.ide.mcu.externaltools.gnu-tools-for-stm32.10.3-2021.10.win32_1.0.0.202111181127/tools/bin/../lib/gcc/arm-none-eabi/10.3.1/../../../../arm-none-eabi/lib/thumb/v7e-m+fp/hard\libc_nano.a
LOAD e:/programs/stm_cube_ide/stm32cubeide_1.9.0/stm32cubeide/plugins/com.st.stm32cube.ide.mcu.externaltools.gnu-tools-for-stm32.10.3-2021.10.win32_1.0.0.202111181127/tools/bin/../lib/gcc/arm-none-eabi/10.3.1/../../../../arm-none-eabi/lib/thumb/v7e-m+fp/hard\libnosys.a
END GROUP
START GROUP
LOAD e:/programs/stm_cube_ide/stm32cubeide_1.9.0/stm32cubeide/plugins/com.st.stm32cube.ide.mcu.externaltools.gnu-tools-for-stm32.10.3-2021.10.win32_1.0.0.202111181127/tools/bin/../lib/gcc/arm-none-eabi/10.3.1/thumb/v7e-m+fp/hard\libgcc.a
LOAD e:/programs/stm_cube_ide/stm32cubeide_1.9.0/stm32cubeide/plugins/com.st.stm32cube.ide.mcu.externaltools.gnu-tools-for-stm32.10.3-2021.10.win32_1.0.0.202111181127/tools/bin/../lib/gcc/arm-none-eabi/10.3.1/../../../../arm-none-eabi/lib/thumb/v7e-m+fp/hard\libc_nano.a
LOAD e:/programs/stm_cube_ide/stm32cubeide_1.9.0/stm32cubeide/plugins/com.st.stm32cube.ide.mcu.externaltools.gnu-tools-for-stm32.10.3-2021.10.win32_1.0.0.202111181127/tools/bin/../lib/gcc/arm-none-eabi/10.3.1/../../../../arm-none-eabi/lib/thumb/v7e-m+fp/hard\libnosys.a
END GROUP
LOAD e:/programs/stm_cube_ide/stm32cubeide_1.9.0/stm32cubeide/plugins/com.st.stm32cube.ide.mcu.externaltools.gnu-tools-for-stm32.10.3-2021.10.win32_1.0.0.202111181127/tools/bin/../lib/gcc/arm-none-eabi/10.3.1/thumb/v7e-m+fp/hard/crtend.o
LOAD e:/programs/stm_cube_ide/stm32cubeide_1.9.0/stm32cubeide/plugins/com.st.stm32cube.ide.mcu.externaltools.gnu-tools-for-stm32.10.3-2021.10.win32_1.0.0.202111181127/tools/bin/../lib/gcc/arm-none-eabi/10.3.1/thumb/v7e-m+fp/hard/crtn.o
                0x0000000020018000                _estack = (ORIGIN (RAM) + LENGTH (RAM))
                0x0000000000000200                _Min_Heap_Size = 0x200
                0x0000000000000400                _Min_Stack_Size = 0x400

.isr_vector     0x0000000008000000      0x194
                0x0000000008000000                . = ALIGN (0x4)
 *(.isr_vector)
 .isr_vector    0x0000000008000000      0x194 ./Core/Startup/startup_stm32f401retx.o
                0x0000000008000000                g_pfnVectors
                0x0000000008000194                . = ALIGN (0x4)

.text           0x00000000080001a0     0xcd2c
                0x00000000080001a0                . = ALIGN (0x4)
 *(.text)
 .text          0x00000000080001a0       0x40 e:/programs/stm_cube_ide/stm32cubeide_1.9.0/stm32cubeide/plugins/com.st.stm32cube.ide.mcu.externaltools.gnu-tools-for-stm32.10.3-2021.10.win32_1.0.0.202111181127/tools/bin/../lib/gcc/arm-none-eabi/10.3.1/thumb/v7e-m+fp/hard/crtbegin.o
 .text          0x00000000080001e0       0x10 e:/programs/stm_cube_ide/stm32cubeide_1.9.0/stm32cubeide/plugins/com.st.stm32cube.ide.mcu.externaltools.gnu-tools-for-stm32.10.3-2021.10.win32_1.0.0.202111181127/tools/bin/../lib/gcc/arm-none-eabi/10.3.1/../../../../arm-none-eabi/lib/thumb/v7e-m+fp/hard\libc_nano.a(lib_a-strlen.o)
                0x00000000080001e0                strlen
 .text          0x00000000080001f0       0xa0 e:/programs/stm_cube_ide/stm32cubeide_1.9.0/stm32cubeide/plugins/com.st.stm32cube.ide.mcu.externaltools.gnu-tools-for-stm32.10.3-2021.10.win32_1.0.0.202111181127/tools/bin/../lib/gcc/arm-none-eabi/10.3.1/../../../../arm-none-eabi/lib/thumb/v7e-m+fp/hard\libc_nano.a(lib_a-memchr.o)
                0x00000000080001f0                memchr
 .text          0x0000000008000290      0x378 e:/programs/stm_cube_ide/stm32cubeide_1.9.0/stm32cubeide/plugins/com.st.stm32cube.ide.mcu.externaltools.gnu-tools-for-stm32.10.3-2021.10.win32_1.0.0.202111181127/tools/bin/../lib/gcc/arm-none-eabi/10.3.1/thumb/v7e-m+fp/hard\libgcc.a(_arm_addsubdf3.o)
                0x0000000008000290                __aeabi_drsub
                0x0000000008000298                __aeabi_dsub
                0x0000000008000298                __subdf3
                0x000000000800029c                __aeabi_dadd
                0x000000000800029c                __adddf3
                0x0000000008000514                __floatunsidf
                0x0000000008000514                __aeabi_ui2d
                0x0000000008000534                __floatsidf
                0x0000000008000534                __aeabi_i2d
                0x0000000008000558                __aeabi_f2d
                0x0000000008000558                __extendsfdf2
                0x000000000800059c                __floatundidf
                0x000000000800059c                __aeabi_ul2d
                0x00000000080005ac                __floatdidf
                0x00000000080005ac                __aeabi_l2d
 .text          0x0000000008000608      0x424 e:/programs/stm_cube_ide/stm32cubeide_1.9.0/stm32cubeide/plugins/com.st.stm32cube.ide.mcu.externaltools.gnu-tools-for-stm32.10.3-2021.10.win32_1.0.0.202111181127/tools/bin/../lib/gcc/arm-none-eabi/10.3.1/thumb/v7e-m+fp/hard\libgcc.a(_arm_muldivdf3.o)
                0x0000000008000608                __aeabi_dmul
                0x0000000008000608                __muldf3
                0x000000000800085c                __divdf3
                0x000000000800085c                __aeabi_ddiv
 .text          0x0000000008000a2c      0x110 e:/programs/stm_cube_ide/stm32cubeide_1.9.0/stm32cubeide/plugins/com.st.stm32cube.ide.mcu.externaltools.gnu-tools-for-stm32.10.3-2021.10.win32_1.0.0.202111181127/tools/bin/../lib/gcc/arm-none-eabi/10.3.1/thumb/v7e-m+fp/hard\libgcc.a(_arm_cmpdf2.o)
                0x0000000008000a2c                __gtdf2
                0x0000000008000a2c                __gedf2
                0x0000000008000a34                __ltdf2
                0x0000000008000a34                __ledf2
                0x0000000008000a3c                __nedf2
                0x0000000008000a3c                __eqdf2
                0x0000000008000a3c                __cmpdf2
                0x0000000008000ab8                __aeabi_cdrcmple
                0x0000000008000ac8                __aeabi_cdcmpeq
                0x0000000008000ac8                __aeabi_cdcmple
                0x0000000008000ad8                __aeabi_dcmpeq
                0x0000000008000aec                __aeabi_dcmplt
                0x0000000008000b00                __aeabi_dcmple
                0x0000000008000b14                __aeabi_dcmpge
                0x0000000008000b28                __aeabi_dcmpgt
 .text          0x0000000008000b3c       0x2c e:/programs/stm_cube_ide/stm32cubeide_1.9.0/stm32cubeide/plugins/com.st.stm32cube.ide.mcu.externaltools.gnu-tools-for-stm32.10.3-2021.10.win32_1.0.0.202111181127/tools/bin/../lib/gcc/arm-none-eabi/10.3.1/thumb/v7e-m+fp/hard\libgcc.a(_arm_unorddf2.o)
                0x0000000008000b3c                __unorddf2
                0x0000000008000b3c                __aeabi_dcmpun
 .text          0x0000000008000b68       0x50 e:/programs/stm_cube_ide/stm32cubeide_1.9.0/stm32cubeide/plugins/com.st.stm32cube.ide.mcu.externaltools.gnu-tools-for-stm32.10.3-2021.10.win32_1.0.0.202111181127/tools/bin/../lib/gcc/arm-none-eabi/10.3.1/thumb/v7e-m+fp/hard\libgcc.a(_arm_fixdfsi.o)
                0x0000000008000b68                __aeabi_d2iz
                0x0000000008000b68                __fixdfsi
 .text          0x0000000008000bb8       0x30 e:/programs/stm_cube_ide/stm32cubeide_1.9.0/stm32cubeide/plugins/com.st.stm32cube.ide.mcu.externaltools.gnu-tools-for-stm32.10.3-2021.10.win32_1.0.0.202111181127/tools/bin/../lib/gcc/arm-none-eabi/10.3.1/thumb/v7e-m+fp/hard\libgcc.a(_aeabi_uldivmod.o)
                0x0000000008000bb8                __aeabi_uldivmod
 .text          0x0000000008000be8      0x2d0 e:/programs/stm_cube_ide/stm32cubeide_1.9.0/stm32cubeide/plugins/com.st.stm32cube.ide.mcu.externaltools.gnu-tools-for-stm32.10.3-2021.10.win32_1.0.0.202111181127/tools/bin/../lib/gcc/arm-none-eabi/10.3.1/thumb/v7e-m+fp/hard\libgcc.a(_udivmoddi4.o)
                0x0000000008000be8                __udivmoddi4
 .text          0x0000000008000eb8        0x4 e:/programs/stm_cube_ide/stm32cubeide_1.9.0/stm32cubeide/plugins/com.st.stm32cube.ide.mcu.externaltools.gnu-tools-for-stm32.10.3-2021.10.win32_1.0.0.202111181127/tools/bin/../lib/gcc/arm-none-eabi/10.3.1/thumb/v7e-m+fp/hard\libgcc.a(_dvmd_tls.o)
                0x0000000008000eb8                __aeabi_idiv0
                0x0000000008000eb8                __aeabi_ldiv0
 *(.text*)
 .text.vApplicationGetIdleTaskMemory
                0x0000000008000ebc       0x34 ./Core/Src/freertos.o
                0x0000000008000ebc                vApplicationGetIdleTaskMemory
 .text.vApplicationGetTimerTaskMemory
                0x0000000008000ef0       0x34 ./Core/Src/freertos.o
                0x0000000008000ef0                vApplicationGetTimerTaskMemory
 .text.main     0x0000000008000f24      0x2a8 ./Core/Src/main.o
                0x0000000008000f24                main
 .text.SystemClock_Config
                0x00000000080011cc       0xd4 ./Core/Src/main.o
                0x00000000080011cc                SystemClock_Config
 .text.MX_ADC1_Init
                0x00000000080012a0       0xc4 ./Core/Src/main.o
 .text.MX_I2C1_Init
                0x0000000008001364       0x5c ./Core/Src/main.o
 .text.MX_TIM3_Init
                0x00000000080013c0      0x130 ./Core/Src/main.o
 .text.MX_TIM10_Init
                0x00000000080014f0       0x90 ./Core/Src/main.o
 .text.MX_TIM11_Init
                0x0000000008001580       0x9c ./Core/Src/main.o
 .text.MX_USART1_UART_Init
                0x000000000800161c       0x60 ./Core/Src/main.o
 .text.MX_DMA_Init
                0x000000000800167c       0x34 ./Core/Src/main.o
 .text.MX_GPIO_Init
                0x00000000080016b0      0x18c ./Core/Src/main.o
 .text.HAL_TIM_IC_CaptureCallback
                0x000000000800183c       0x34 ./Core/Src/main.o
                0x000000000800183c                HAL_TIM_IC_CaptureCallback
 .text.HAL_TIM_PWM_PulseFinishedCallback
                0x0000000008001870       0x24 ./Core/Src/main.o
                0x0000000008001870                HAL_TIM_PWM_PulseFinishedCallback
 .text.vCallbackFunctionTimer1
                0x0000000008001894       0x1c ./Core/Src/main.o
                0x0000000008001894                vCallbackFunctionTimer1
 .text.vApplicationIdleHook
                0x00000000080018b0       0x10 ./Core/Src/main.o
                0x00000000080018b0                vApplicationIdleHook
 .text.HAL_GPIO_EXTI_Callback
                0x00000000080018c0       0x50 ./Core/Src/main.o
                0x00000000080018c0                HAL_GPIO_EXTI_Callback
 .text.UART_RxCallback
                0x0000000008001910       0x28 ./Core/Src/main.o
                0x0000000008001910                UART_RxCallback
 .text.ultrasonic_dis
                0x0000000008001938       0x80 ./Core/Src/main.o
                0x0000000008001938                ultrasonic_dis
 .text.line_tracking
                0x00000000080019b8       0x10 ./Core/Src/main.o
                0x00000000080019b8                line_tracking
 .text.limit_switch
                0x00000000080019c8       0x10 ./Core/Src/main.o
                0x00000000080019c8                limit_switch
 .text.infrared_motion
                0x00000000080019d8       0x10 ./Core/Src/main.o
                0x00000000080019d8                infrared_motion
 .text.accelerometer
                0x00000000080019e8       0x84 ./Core/Src/main.o
                0x00000000080019e8                accelerometer
 *fill*         0x0000000008001a6c        0x4 
 .text.motors   0x0000000008001a70      0x20c ./Core/Src/main.o
                0x0000000008001a70                motors
 .text.encoders
                0x0000000008001c7c       0xec ./Core/Src/main.o
                0x0000000008001c7c                encoders
 .text.uart_task
                0x0000000008001d68       0x98 ./Core/Src/main.o
                0x0000000008001d68                uart_task
 .text.HAL_TIM_PeriodElapsedCallback
                0x0000000008001e00       0x1e ./Core/Src/main.o
                0x0000000008001e00                HAL_TIM_PeriodElapsedCallback
 .text.Error_Handler
                0x0000000008001e1e        0xa ./Core/Src/main.o
                0x0000000008001e1e                Error_Handler
 .text.mma8452x_Standby
                0x0000000008001e28       0x56 ./Core/Src/mma8452x.o
                0x0000000008001e28                mma8452x_Standby
 .text.mma8452x_Active
                0x0000000008001e7e       0x56 ./Core/Src/mma8452x.o
                0x0000000008001e7e                mma8452x_Active
 .text.mma8452x_DataFormat
                0x0000000008001ed4       0x80 ./Core/Src/mma8452x.o
                0x0000000008001ed4                mma8452x_DataFormat
 .text.mma8452x_DataRateSelection
                0x0000000008001f54       0x9a ./Core/Src/mma8452x.o
                0x0000000008001f54                mma8452x_DataRateSelection
 .text.mma8452x_InterruptPolarityConfig
                0x0000000008001fee       0x80 ./Core/Src/mma8452x.o
                0x0000000008001fee                mma8452x_InterruptPolarityConfig
 *fill*         0x000000000800206e        0x2 
 .text.mma8452x_InterruptEnable
                0x0000000008002070      0x188 ./Core/Src/mma8452x.o
                0x0000000008002070                mma8452x_InterruptEnable
 .text.mma8452x_MotionDetectionConfig
                0x00000000080021f8      0x122 ./Core/Src/mma8452x.o
                0x00000000080021f8                mma8452x_MotionDetectionConfig
 .text.mma8452x_ReadData
                0x000000000800231a       0x60 ./Core/Src/mma8452x.o
                0x000000000800231a                mma8452x_ReadData
 *fill*         0x000000000800237a        0x2 
 .text.HAL_MspInit
                0x000000000800237c       0x58 ./Core/Src/stm32f4xx_hal_msp.o
                0x000000000800237c                HAL_MspInit
 .text.HAL_ADC_MspInit
                0x00000000080023d4       0xec ./Core/Src/stm32f4xx_hal_msp.o
                0x00000000080023d4                HAL_ADC_MspInit
 .text.HAL_I2C_MspInit
                0x00000000080024c0       0x90 ./Core/Src/stm32f4xx_hal_msp.o
                0x00000000080024c0                HAL_I2C_MspInit
 .text.HAL_I2C_MspDeInit
                0x0000000008002550       0x44 ./Core/Src/stm32f4xx_hal_msp.o
                0x0000000008002550                HAL_I2C_MspDeInit
 .text.HAL_TIM_Base_MspInit
                0x0000000008002594      0x108 ./Core/Src/stm32f4xx_hal_msp.o
                0x0000000008002594                HAL_TIM_Base_MspInit
 .text.HAL_TIM_MspPostInit
                0x000000000800269c      0x100 ./Core/Src/stm32f4xx_hal_msp.o
                0x000000000800269c                HAL_TIM_MspPostInit
 .text.HAL_UART_MspInit
                0x000000000800279c       0xa0 ./Core/Src/stm32f4xx_hal_msp.o
                0x000000000800279c                HAL_UART_MspInit
 .text.HAL_InitTick
                0x000000000800283c       0xb4 ./Core/Src/stm32f4xx_hal_timebase_tim.o
                0x000000000800283c                HAL_InitTick
 .text.NMI_Handler
                0x00000000080028f0        0x6 ./Core/Src/stm32f4xx_it.o
                0x00000000080028f0                NMI_Handler
 .text.HardFault_Handler
                0x00000000080028f6        0x6 ./Core/Src/stm32f4xx_it.o
                0x00000000080028f6                HardFault_Handler
 .text.MemManage_Handler
                0x00000000080028fc        0x6 ./Core/Src/stm32f4xx_it.o
                0x00000000080028fc                MemManage_Handler
 .text.BusFault_Handler
                0x0000000008002902        0x6 ./Core/Src/stm32f4xx_it.o
                0x0000000008002902                BusFault_Handler
 .text.UsageFault_Handler
                0x0000000008002908        0x6 ./Core/Src/stm32f4xx_it.o
                0x0000000008002908                UsageFault_Handler
 .text.DebugMon_Handler
                0x000000000800290e        0xe ./Core/Src/stm32f4xx_it.o
                0x000000000800290e                DebugMon_Handler
 .text.TIM1_UP_TIM10_IRQHandler
                0x000000000800291c       0x14 ./Core/Src/stm32f4xx_it.o
                0x000000000800291c                TIM1_UP_TIM10_IRQHandler
 .text.TIM1_TRG_COM_TIM11_IRQHandler
                0x0000000008002930       0x14 ./Core/Src/stm32f4xx_it.o
                0x0000000008002930                TIM1_TRG_COM_TIM11_IRQHandler
 .text.TIM2_IRQHandler
                0x0000000008002944       0x14 ./Core/Src/stm32f4xx_it.o
                0x0000000008002944                TIM2_IRQHandler
 .text.USART1_IRQHandler
                0x0000000008002958       0x34 ./Core/Src/stm32f4xx_it.o
                0x0000000008002958                USART1_IRQHandler
 .text.EXTI15_10_IRQHandler
                0x000000000800298c       0x18 ./Core/Src/stm32f4xx_it.o
                0x000000000800298c                EXTI15_10_IRQHandler
 .text._sbrk    0x00000000080029a4       0x6c ./Core/Src/sysmem.o
                0x00000000080029a4                _sbrk
 .text.SystemInit
                0x0000000008002a10       0x24 ./Core/Src/system_stm32f4xx.o
                0x0000000008002a10                SystemInit
 .text.Reset_Handler
                0x0000000008002a34       0x50 ./Core/Startup/startup_stm32f401retx.o
                0x0000000008002a34                Reset_Handler
 .text.Default_Handler
                0x0000000008002a84        0x2 ./Core/Startup/startup_stm32f401retx.o
                0x0000000008002a84                RTC_Alarm_IRQHandler
                0x0000000008002a84                EXTI2_IRQHandler
                0x0000000008002a84                SPI4_IRQHandler
                0x0000000008002a84                TIM1_CC_IRQHandler
                0x0000000008002a84                DMA2_Stream5_IRQHandler
                0x0000000008002a84                DMA1_Stream5_IRQHandler
                0x0000000008002a84                PVD_IRQHandler
                0x0000000008002a84                SDIO_IRQHandler
                0x0000000008002a84                TAMP_STAMP_IRQHandler
                0x0000000008002a84                EXTI3_IRQHandler
                0x0000000008002a84                I2C3_ER_IRQHandler
                0x0000000008002a84                EXTI0_IRQHandler
                0x0000000008002a84                I2C2_EV_IRQHandler
                0x0000000008002a84                DMA1_Stream2_IRQHandler
                0x0000000008002a84                FPU_IRQHandler
                0x0000000008002a84                DMA2_Stream2_IRQHandler
                0x0000000008002a84                SPI1_IRQHandler
                0x0000000008002a84                TIM1_BRK_TIM9_IRQHandler
                0x0000000008002a84                DMA2_Stream3_IRQHandler
                0x0000000008002a84                USART6_IRQHandler
                0x0000000008002a84                DMA2_Stream0_IRQHandler
                0x0000000008002a84                TIM4_IRQHandler
                0x0000000008002a84                I2C1_EV_IRQHandler
                0x0000000008002a84                DMA1_Stream6_IRQHandler
                0x0000000008002a84                DMA1_Stream1_IRQHandler
                0x0000000008002a84                TIM3_IRQHandler
                0x0000000008002a84                RCC_IRQHandler
                0x0000000008002a84                Default_Handler
                0x0000000008002a84                ADC_IRQHandler
                0x0000000008002a84                DMA1_Stream7_IRQHandler
                0x0000000008002a84                TIM5_IRQHandler
                0x0000000008002a84                DMA2_Stream7_IRQHandler
                0x0000000008002a84                I2C3_EV_IRQHandler
                0x0000000008002a84                EXTI9_5_IRQHandler
                0x0000000008002a84                RTC_WKUP_IRQHandler
                0x0000000008002a84                SPI2_IRQHandler
                0x0000000008002a84                DMA1_Stream0_IRQHandler
                0x0000000008002a84                EXTI4_IRQHandler
                0x0000000008002a84                WWDG_IRQHandler
                0x0000000008002a84                OTG_FS_WKUP_IRQHandler
                0x0000000008002a84                EXTI1_IRQHandler
                0x0000000008002a84                USART2_IRQHandler
                0x0000000008002a84                I2C2_ER_IRQHandler
                0x0000000008002a84                DMA2_Stream1_IRQHandler
                0x0000000008002a84                FLASH_IRQHandler
                0x0000000008002a84                DMA2_Stream4_IRQHandler
                0x0000000008002a84                OTG_FS_IRQHandler
                0x0000000008002a84                SPI3_IRQHandler
                0x0000000008002a84                DMA1_Stream4_IRQHandler
                0x0000000008002a84                I2C1_ER_IRQHandler
                0x0000000008002a84                DMA2_Stream6_IRQHandler
                0x0000000008002a84                DMA1_Stream3_IRQHandler
 *fill*         0x0000000008002a86        0x2 
 .text.HAL_Init
                0x0000000008002a88       0x44 ./Drivers/STM32F4xx_HAL_Driver/Src/stm32f4xx_hal.o
                0x0000000008002a88                HAL_Init
 .text.HAL_IncTick
                0x0000000008002acc       0x28 ./Drivers/STM32F4xx_HAL_Driver/Src/stm32f4xx_hal.o
                0x0000000008002acc                HAL_IncTick
 .text.HAL_GetTick
                0x0000000008002af4       0x18 ./Drivers/STM32F4xx_HAL_Driver/Src/stm32f4xx_hal.o
                0x0000000008002af4                HAL_GetTick
 .text.HAL_ADC_Init
                0x0000000008002b0c       0x86 ./Drivers/STM32F4xx_HAL_Driver/Src/stm32f4xx_hal_adc.o
                0x0000000008002b0c                HAL_ADC_Init
 *fill*         0x0000000008002b92        0x2 
 .text.HAL_ADC_Start_DMA
                0x0000000008002b94      0x1e0 ./Drivers/STM32F4xx_HAL_Driver/Src/stm32f4xx_hal_adc.o
                0x0000000008002b94                HAL_ADC_Start_DMA
 .text.HAL_ADC_ConvCpltCallback
                0x0000000008002d74       0x14 ./Drivers/STM32F4xx_HAL_Driver/Src/stm32f4xx_hal_adc.o
                0x0000000008002d74                HAL_ADC_ConvCpltCallback
 .text.HAL_ADC_ConvHalfCpltCallback
                0x0000000008002d88       0x14 ./Drivers/STM32F4xx_HAL_Driver/Src/stm32f4xx_hal_adc.o
                0x0000000008002d88                HAL_ADC_ConvHalfCpltCallback
 .text.HAL_ADC_ErrorCallback
                0x0000000008002d9c       0x14 ./Drivers/STM32F4xx_HAL_Driver/Src/stm32f4xx_hal_adc.o
                0x0000000008002d9c                HAL_ADC_ErrorCallback
 .text.HAL_ADC_ConfigChannel
                0x0000000008002db0      0x244 ./Drivers/STM32F4xx_HAL_Driver/Src/stm32f4xx_hal_adc.o
                0x0000000008002db0                HAL_ADC_ConfigChannel
 .text.ADC_Init
                0x0000000008002ff4      0x1f8 ./Drivers/STM32F4xx_HAL_Driver/Src/stm32f4xx_hal_adc.o
 .text.ADC_DMAConvCplt
                0x00000000080031ec       0xba ./Drivers/STM32F4xx_HAL_Driver/Src/stm32f4xx_hal_adc.o
 .text.ADC_DMAHalfConvCplt
                0x00000000080032a6       0x1c ./Drivers/STM32F4xx_HAL_Driver/Src/stm32f4xx_hal_adc.o
 .text.ADC_DMAError
                0x00000000080032c2       0x2e ./Drivers/STM32F4xx_HAL_Driver/Src/stm32f4xx_hal_adc.o
 .text.__NVIC_SetPriorityGrouping
                0x00000000080032f0       0x48 ./Drivers/STM32F4xx_HAL_Driver/Src/stm32f4xx_hal_cortex.o
 .text.__NVIC_GetPriorityGrouping
                0x0000000008003338       0x1c ./Drivers/STM32F4xx_HAL_Driver/Src/stm32f4xx_hal_cortex.o
 .text.__NVIC_EnableIRQ
                0x0000000008003354       0x3c ./Drivers/STM32F4xx_HAL_Driver/Src/stm32f4xx_hal_cortex.o
 .text.__NVIC_SetPriority
                0x0000000008003390       0x54 ./Drivers/STM32F4xx_HAL_Driver/Src/stm32f4xx_hal_cortex.o
 .text.NVIC_EncodePriority
                0x00000000080033e4       0x66 ./Drivers/STM32F4xx_HAL_Driver/Src/stm32f4xx_hal_cortex.o
 .text.HAL_NVIC_SetPriorityGrouping
                0x000000000800344a       0x16 ./Drivers/STM32F4xx_HAL_Driver/Src/stm32f4xx_hal_cortex.o
                0x000000000800344a                HAL_NVIC_SetPriorityGrouping
 .text.HAL_NVIC_SetPriority
                0x0000000008003460       0x38 ./Drivers/STM32F4xx_HAL_Driver/Src/stm32f4xx_hal_cortex.o
                0x0000000008003460                HAL_NVIC_SetPriority
 .text.HAL_NVIC_EnableIRQ
                0x0000000008003498       0x1c ./Drivers/STM32F4xx_HAL_Driver/Src/stm32f4xx_hal_cortex.o
                0x0000000008003498                HAL_NVIC_EnableIRQ
 .text.HAL_DMA_Init
                0x00000000080034b4      0x15c ./Drivers/STM32F4xx_HAL_Driver/Src/stm32f4xx_hal_dma.o
                0x00000000080034b4                HAL_DMA_Init
 .text.HAL_DMA_Start_IT
                0x0000000008003610       0xb0 ./Drivers/STM32F4xx_HAL_Driver/Src/stm32f4xx_hal_dma.o
                0x0000000008003610                HAL_DMA_Start_IT
 .text.HAL_DMA_Abort
                0x00000000080036c0       0xe0 ./Drivers/STM32F4xx_HAL_Driver/Src/stm32f4xx_hal_dma.o
                0x00000000080036c0                HAL_DMA_Abort
 .text.HAL_DMA_Abort_IT
                0x00000000080037a0       0x44 ./Drivers/STM32F4xx_HAL_Driver/Src/stm32f4xx_hal_dma.o
                0x00000000080037a0                HAL_DMA_Abort_IT
 .text.DMA_SetConfig
                0x00000000080037e4       0x5c ./Drivers/STM32F4xx_HAL_Driver/Src/stm32f4xx_hal_dma.o
 .text.DMA_CalcBaseAndBitshift
                0x0000000008003840       0x6c ./Drivers/STM32F4xx_HAL_Driver/Src/stm32f4xx_hal_dma.o
 .text.DMA_CheckFifoParam
                0x00000000080038ac       0xf8 ./Drivers/STM32F4xx_HAL_Driver/Src/stm32f4xx_hal_dma.o
 .text.HAL_GPIO_Init
                0x00000000080039a4      0x308 ./Drivers/STM32F4xx_HAL_Driver/Src/stm32f4xx_hal_gpio.o
                0x00000000080039a4                HAL_GPIO_Init
 .text.HAL_GPIO_DeInit
                0x0000000008003cac      0x1c8 ./Drivers/STM32F4xx_HAL_Driver/Src/stm32f4xx_hal_gpio.o
                0x0000000008003cac                HAL_GPIO_DeInit
 .text.HAL_GPIO_WritePin
                0x0000000008003e74       0x32 ./Drivers/STM32F4xx_HAL_Driver/Src/stm32f4xx_hal_gpio.o
                0x0000000008003e74                HAL_GPIO_WritePin
 *fill*         0x0000000008003ea6        0x2 
 .text.HAL_GPIO_EXTI_IRQHandler
                0x0000000008003ea8       0x30 ./Drivers/STM32F4xx_HAL_Driver/Src/stm32f4xx_hal_gpio.o
                0x0000000008003ea8                HAL_GPIO_EXTI_IRQHandler
 .text.HAL_I2C_Init
                0x0000000008003ed8      0x288 ./Drivers/STM32F4xx_HAL_Driver/Src/stm32f4xx_hal_i2c.o
                0x0000000008003ed8                HAL_I2C_Init
 .text.HAL_I2C_DeInit
                0x0000000008004160       0x5e ./Drivers/STM32F4xx_HAL_Driver/Src/stm32f4xx_hal_i2c.o
                0x0000000008004160                HAL_I2C_DeInit
 *fill*         0x00000000080041be        0x2 
 .text.HAL_I2C_Mem_Write
                0x00000000080041c0      0x1f4 ./Drivers/STM32F4xx_HAL_Driver/Src/stm32f4xx_hal_i2c.o
                0x00000000080041c0                HAL_I2C_Mem_Write
 .text.HAL_I2C_Mem_Read
                0x00000000080043b4      0x44c ./Drivers/STM32F4xx_HAL_Driver/Src/stm32f4xx_hal_i2c.o
                0x00000000080043b4                HAL_I2C_Mem_Read
 .text.I2C_RequestMemoryWrite
                0x0000000008004800      0x12c ./Drivers/STM32F4xx_HAL_Driver/Src/stm32f4xx_hal_i2c.o
 .text.I2C_RequestMemoryRead
                0x000000000800492c      0x1d0 ./Drivers/STM32F4xx_HAL_Driver/Src/stm32f4xx_hal_i2c.o
 .text.I2C_WaitOnFlagUntilTimeout
                0x0000000008004afc       0xae ./Drivers/STM32F4xx_HAL_Driver/Src/stm32f4xx_hal_i2c.o
 .text.I2C_WaitOnMasterAddressFlagUntilTimeout
                0x0000000008004baa       0xfe ./Drivers/STM32F4xx_HAL_Driver/Src/stm32f4xx_hal_i2c.o
 .text.I2C_WaitOnTXEFlagUntilTimeout
                0x0000000008004ca8       0x82 ./Drivers/STM32F4xx_HAL_Driver/Src/stm32f4xx_hal_i2c.o
 .text.I2C_WaitOnBTFFlagUntilTimeout
                0x0000000008004d2a       0x82 ./Drivers/STM32F4xx_HAL_Driver/Src/stm32f4xx_hal_i2c.o
 .text.I2C_WaitOnRXNEFlagUntilTimeout
                0x0000000008004dac       0xac ./Drivers/STM32F4xx_HAL_Driver/Src/stm32f4xx_hal_i2c.o
 .text.I2C_IsAcknowledgeFailed
                0x0000000008004e58       0x5e ./Drivers/STM32F4xx_HAL_Driver/Src/stm32f4xx_hal_i2c.o
 *fill*         0x0000000008004eb6        0x2 
 .text.HAL_RCC_OscConfig
                0x0000000008004eb8      0x4f0 ./Drivers/STM32F4xx_HAL_Driver/Src/stm32f4xx_hal_rcc.o
                0x0000000008004eb8                HAL_RCC_OscConfig
 .text.HAL_RCC_ClockConfig
                0x00000000080053a8      0x1cc ./Drivers/STM32F4xx_HAL_Driver/Src/stm32f4xx_hal_rcc.o
                0x00000000080053a8                HAL_RCC_ClockConfig
 .text.HAL_RCC_GetSysClockFreq
                0x0000000008005574      0x18c ./Drivers/STM32F4xx_HAL_Driver/Src/stm32f4xx_hal_rcc.o
                0x0000000008005574                HAL_RCC_GetSysClockFreq
 .text.HAL_RCC_GetHCLKFreq
                0x0000000008005700       0x18 ./Drivers/STM32F4xx_HAL_Driver/Src/stm32f4xx_hal_rcc.o
                0x0000000008005700                HAL_RCC_GetHCLKFreq
 .text.HAL_RCC_GetPCLK1Freq
                0x0000000008005718       0x28 ./Drivers/STM32F4xx_HAL_Driver/Src/stm32f4xx_hal_rcc.o
                0x0000000008005718                HAL_RCC_GetPCLK1Freq
 .text.HAL_RCC_GetPCLK2Freq
                0x0000000008005740       0x28 ./Drivers/STM32F4xx_HAL_Driver/Src/stm32f4xx_hal_rcc.o
                0x0000000008005740                HAL_RCC_GetPCLK2Freq
 .text.HAL_RCC_GetClockConfig
                0x0000000008005768       0x64 ./Drivers/STM32F4xx_HAL_Driver/Src/stm32f4xx_hal_rcc.o
                0x0000000008005768                HAL_RCC_GetClockConfig
 .text.HAL_TIM_Base_Init
                0x00000000080057cc       0x9e ./Drivers/STM32F4xx_HAL_Driver/Src/stm32f4xx_hal_tim.o
                0x00000000080057cc                HAL_TIM_Base_Init
 *fill*         0x000000000800586a        0x2 
 .text.HAL_TIM_Base_Start_IT
                0x000000000800586c       0xc4 ./Drivers/STM32F4xx_HAL_Driver/Src/stm32f4xx_hal_tim.o
                0x000000000800586c                HAL_TIM_Base_Start_IT
 .text.HAL_TIM_PWM_Init
                0x0000000008005930       0x9e ./Drivers/STM32F4xx_HAL_Driver/Src/stm32f4xx_hal_tim.o
                0x0000000008005930                HAL_TIM_PWM_Init
 .text.HAL_TIM_PWM_MspInit
                0x00000000080059ce       0x14 ./Drivers/STM32F4xx_HAL_Driver/Src/stm32f4xx_hal_tim.o
                0x00000000080059ce                HAL_TIM_PWM_MspInit
 *fill*         0x00000000080059e2        0x2 
 .text.HAL_TIM_PWM_Start
                0x00000000080059e4      0x160 ./Drivers/STM32F4xx_HAL_Driver/Src/stm32f4xx_hal_tim.o
                0x00000000080059e4                HAL_TIM_PWM_Start
 .text.HAL_TIM_PWM_Start_IT
                0x0000000008005b44      0x1fc ./Drivers/STM32F4xx_HAL_Driver/Src/stm32f4xx_hal_tim.o
                0x0000000008005b44                HAL_TIM_PWM_Start_IT
 .text.HAL_TIM_PWM_Stop_IT
                0x0000000008005d40      0x164 ./Drivers/STM32F4xx_HAL_Driver/Src/stm32f4xx_hal_tim.o
                0x0000000008005d40                HAL_TIM_PWM_Stop_IT
 .text.HAL_TIM_IC_Init
                0x0000000008005ea4       0x9e ./Drivers/STM32F4xx_HAL_Driver/Src/stm32f4xx_hal_tim.o
                0x0000000008005ea4                HAL_TIM_IC_Init
 .text.HAL_TIM_IC_MspInit
                0x0000000008005f42       0x14 ./Drivers/STM32F4xx_HAL_Driver/Src/stm32f4xx_hal_tim.o
                0x0000000008005f42                HAL_TIM_IC_MspInit
 *fill*         0x0000000008005f56        0x2 
 .text.HAL_TIM_IC_Start_IT
                0x0000000008005f58      0x234 ./Drivers/STM32F4xx_HAL_Driver/Src/stm32f4xx_hal_tim.o
                0x0000000008005f58                HAL_TIM_IC_Start_IT
 .text.HAL_TIM_IRQHandler
                0x000000000800618c      0x210 ./Drivers/STM32F4xx_HAL_Driver/Src/stm32f4xx_hal_tim.o
                0x000000000800618c                HAL_TIM_IRQHandler
 .text.HAL_TIM_IC_ConfigChannel
                0x000000000800639c      0x138 ./Drivers/STM32F4xx_HAL_Driver/Src/stm32f4xx_hal_tim.o
                0x000000000800639c                HAL_TIM_IC_ConfigChannel
 .text.HAL_TIM_PWM_ConfigChannel
                0x00000000080064d4      0x184 ./Drivers/STM32F4xx_HAL_Driver/Src/stm32f4xx_hal_tim.o
                0x00000000080064d4                HAL_TIM_PWM_ConfigChannel
 .text.HAL_TIM_ConfigClockSource
                0x0000000008006658      0x18e ./Drivers/STM32F4xx_HAL_Driver/Src/stm32f4xx_hal_tim.o
                0x0000000008006658                HAL_TIM_ConfigClockSource
 .text.HAL_TIM_OC_DelayElapsedCallback
                0x00000000080067e6       0x14 ./Drivers/STM32F4xx_HAL_Driver/Src/stm32f4xx_hal_tim.o
                0x00000000080067e6                HAL_TIM_OC_DelayElapsedCallback
 .text.HAL_TIM_TriggerCallback
                0x00000000080067fa       0x14 ./Drivers/STM32F4xx_HAL_Driver/Src/stm32f4xx_hal_tim.o
                0x00000000080067fa                HAL_TIM_TriggerCallback
 *fill*         0x000000000800680e        0x2 
 .text.TIM_Base_SetConfig
                0x0000000008006810      0x100 ./Drivers/STM32F4xx_HAL_Driver/Src/stm32f4xx_hal_tim.o
                0x0000000008006810                TIM_Base_SetConfig
 .text.TIM_OC1_SetConfig
                0x0000000008006910       0xcc ./Drivers/STM32F4xx_HAL_Driver/Src/stm32f4xx_hal_tim.o
 .text.TIM_OC2_SetConfig
                0x00000000080069dc       0xd8 ./Drivers/STM32F4xx_HAL_Driver/Src/stm32f4xx_hal_tim.o
                0x00000000080069dc                TIM_OC2_SetConfig
 .text.TIM_OC3_SetConfig
                0x0000000008006ab4       0xd4 ./Drivers/STM32F4xx_HAL_Driver/Src/stm32f4xx_hal_tim.o
 .text.TIM_OC4_SetConfig
                0x0000000008006b88       0xa0 ./Drivers/STM32F4xx_HAL_Driver/Src/stm32f4xx_hal_tim.o
 .text.TIM_TI1_SetConfig
                0x0000000008006c28       0xd0 ./Drivers/STM32F4xx_HAL_Driver/Src/stm32f4xx_hal_tim.o
                0x0000000008006c28                TIM_TI1_SetConfig
 .text.TIM_TI1_ConfigInputStage
                0x0000000008006cf8       0x5e ./Drivers/STM32F4xx_HAL_Driver/Src/stm32f4xx_hal_tim.o
 .text.TIM_TI2_SetConfig
                0x0000000008006d56       0x7a ./Drivers/STM32F4xx_HAL_Driver/Src/stm32f4xx_hal_tim.o
 .text.TIM_TI2_ConfigInputStage
                0x0000000008006dd0       0x60 ./Drivers/STM32F4xx_HAL_Driver/Src/stm32f4xx_hal_tim.o
 .text.TIM_TI3_SetConfig
                0x0000000008006e30       0x78 ./Drivers/STM32F4xx_HAL_Driver/Src/stm32f4xx_hal_tim.o
 .text.TIM_TI4_SetConfig
                0x0000000008006ea8       0x7a ./Drivers/STM32F4xx_HAL_Driver/Src/stm32f4xx_hal_tim.o
 .text.TIM_ITRx_SetConfig
                0x0000000008006f22       0x36 ./Drivers/STM32F4xx_HAL_Driver/Src/stm32f4xx_hal_tim.o
 .text.TIM_ETR_SetConfig
                0x0000000008006f58       0x40 ./Drivers/STM32F4xx_HAL_Driver/Src/stm32f4xx_hal_tim.o
                0x0000000008006f58                TIM_ETR_SetConfig
 .text.TIM_CCxChannelCmd
                0x0000000008006f98       0x4a ./Drivers/STM32F4xx_HAL_Driver/Src/stm32f4xx_hal_tim.o
                0x0000000008006f98                TIM_CCxChannelCmd
 *fill*         0x0000000008006fe2        0x2 
 .text.HAL_TIMEx_MasterConfigSynchronization
                0x0000000008006fe4       0xdc ./Drivers/STM32F4xx_HAL_Driver/Src/stm32f4xx_hal_tim_ex.o
                0x0000000008006fe4                HAL_TIMEx_MasterConfigSynchronization
 .text.HAL_TIMEx_CommutCallback
                0x00000000080070c0       0x14 ./Drivers/STM32F4xx_HAL_Driver/Src/stm32f4xx_hal_tim_ex.o
                0x00000000080070c0                HAL_TIMEx_CommutCallback
 .text.HAL_TIMEx_BreakCallback
                0x00000000080070d4       0x14 ./Drivers/STM32F4xx_HAL_Driver/Src/stm32f4xx_hal_tim_ex.o
                0x00000000080070d4                HAL_TIMEx_BreakCallback
 .text.HAL_UART_Init
                0x00000000080070e8       0x9a ./Drivers/STM32F4xx_HAL_Driver/Src/stm32f4xx_hal_uart.o
                0x00000000080070e8                HAL_UART_Init
 .text.HAL_UART_Transmit
                0x0000000008007182      0x124 ./Drivers/STM32F4xx_HAL_Driver/Src/stm32f4xx_hal_uart.o
                0x0000000008007182                HAL_UART_Transmit
 *fill*         0x00000000080072a6        0x2 
 .text.HAL_UART_IRQHandler
                0x00000000080072a8      0x51c ./Drivers/STM32F4xx_HAL_Driver/Src/stm32f4xx_hal_uart.o
                0x00000000080072a8                HAL_UART_IRQHandler
 .text.HAL_UART_TxCpltCallback
                0x00000000080077c4       0x14 ./Drivers/STM32F4xx_HAL_Driver/Src/stm32f4xx_hal_uart.o
                0x00000000080077c4                HAL_UART_TxCpltCallback
 .text.HAL_UART_RxCpltCallback
                0x00000000080077d8       0x14 ./Drivers/STM32F4xx_HAL_Driver/Src/stm32f4xx_hal_uart.o
                0x00000000080077d8                HAL_UART_RxCpltCallback
 .text.HAL_UART_ErrorCallback
                0x00000000080077ec       0x14 ./Drivers/STM32F4xx_HAL_Driver/Src/stm32f4xx_hal_uart.o
                0x00000000080077ec                HAL_UART_ErrorCallback
 .text.HAL_UARTEx_RxEventCallback
                0x0000000008007800       0x18 ./Drivers/STM32F4xx_HAL_Driver/Src/stm32f4xx_hal_uart.o
                0x0000000008007800                HAL_UARTEx_RxEventCallback
 .text.UART_WaitOnFlagUntilTimeout
                0x0000000008007818       0xdc ./Drivers/STM32F4xx_HAL_Driver/Src/stm32f4xx_hal_uart.o
 .text.UART_EndRxTransfer
                0x00000000080078f4       0xc6 ./Drivers/STM32F4xx_HAL_Driver/Src/stm32f4xx_hal_uart.o
 .text.UART_DMAAbortOnError
                0x00000000080079ba       0x28 ./Drivers/STM32F4xx_HAL_Driver/Src/stm32f4xx_hal_uart.o
 .text.UART_Transmit_IT
                0x00000000080079e2       0xa0 ./Drivers/STM32F4xx_HAL_Driver/Src/stm32f4xx_hal_uart.o
 .text.UART_EndTransmit_IT
                0x0000000008007a82       0x30 ./Drivers/STM32F4xx_HAL_Driver/Src/stm32f4xx_hal_uart.o
 .text.UART_Receive_IT
                0x0000000008007ab2      0x176 ./Drivers/STM32F4xx_HAL_Driver/Src/stm32f4xx_hal_uart.o
 .text.UART_SetConfig
                0x0000000008007c28      0x4e8 ./Drivers/STM32F4xx_HAL_Driver/Src/stm32f4xx_hal_uart.o
 .text.makeFreeRtosPriority
                0x0000000008008110       0x30 ./Middlewares/Third_Party/FreeRTOS/Source/CMSIS_RTOS/cmsis_os.o
 .text.osKernelStart
                0x0000000008008140        0xe ./Middlewares/Third_Party/FreeRTOS/Source/CMSIS_RTOS/cmsis_os.o
                0x0000000008008140                osKernelStart
 .text.osThreadCreate
                0x000000000800814e       0x98 ./Middlewares/Third_Party/FreeRTOS/Source/CMSIS_RTOS/cmsis_os.o
                0x000000000800814e                osThreadCreate
 .text.osDelay  0x00000000080081e6       0x28 ./Middlewares/Third_Party/FreeRTOS/Source/CMSIS_RTOS/cmsis_os.o
                0x00000000080081e6                osDelay
 .text.vListInitialise
                0x000000000800820e       0x40 ./Middlewares/Third_Party/FreeRTOS/Source/list.o
                0x000000000800820e                vListInitialise
 .text.vListInitialiseItem
                0x000000000800824e       0x1a ./Middlewares/Third_Party/FreeRTOS/Source/list.o
                0x000000000800824e                vListInitialiseItem
 .text.vListInsertEnd
                0x0000000008008268       0x48 ./Middlewares/Third_Party/FreeRTOS/Source/list.o
                0x0000000008008268                vListInsertEnd
 .text.vListInsert
                0x00000000080082b0       0x72 ./Middlewares/Third_Party/FreeRTOS/Source/list.o
                0x00000000080082b0                vListInsert
 .text.uxListRemove
                0x0000000008008322       0x54 ./Middlewares/Third_Party/FreeRTOS/Source/list.o
                0x0000000008008322                uxListRemove
 *fill*         0x0000000008008376        0x2 
 .text.xQueueGenericReset
                0x0000000008008378       0xd0 ./Middlewares/Third_Party/FreeRTOS/Source/queue.o
                0x0000000008008378                xQueueGenericReset
 .text.xQueueGenericCreateStatic
                0x0000000008008448       0xf0 ./Middlewares/Third_Party/FreeRTOS/Source/queue.o
                0x0000000008008448                xQueueGenericCreateStatic
 .text.xQueueGenericCreate
                0x0000000008008538       0x74 ./Middlewares/Third_Party/FreeRTOS/Source/queue.o
                0x0000000008008538                xQueueGenericCreate
 .text.prvInitialiseNewQueue
                0x00000000080085ac       0x3e ./Middlewares/Third_Party/FreeRTOS/Source/queue.o
 *fill*         0x00000000080085ea        0x2 
 .text.xQueueGenericSend
                0x00000000080085ec      0x1fc ./Middlewares/Third_Party/FreeRTOS/Source/queue.o
                0x00000000080085ec                xQueueGenericSend
 .text.xQueueGenericSendFromISR
                0x00000000080087e8      0x136 ./Middlewares/Third_Party/FreeRTOS/Source/queue.o
                0x00000000080087e8                xQueueGenericSendFromISR
 *fill*         0x000000000800891e        0x2 
 .text.xQueueReceive
                0x0000000008008920      0x1c0 ./Middlewares/Third_Party/FreeRTOS/Source/queue.o
                0x0000000008008920                xQueueReceive
 .text.xQueuePeek
                0x0000000008008ae0      0x1c4 ./Middlewares/Third_Party/FreeRTOS/Source/queue.o
                0x0000000008008ae0                xQueuePeek
 .text.prvCopyDataToQueue
                0x0000000008008ca4       0xd4 ./Middlewares/Third_Party/FreeRTOS/Source/queue.o
 .text.prvCopyDataFromQueue
                0x0000000008008d78       0x4c ./Middlewares/Third_Party/FreeRTOS/Source/queue.o
 .text.prvUnlockQueue
                0x0000000008008dc4       0xa4 ./Middlewares/Third_Party/FreeRTOS/Source/queue.o
 .text.prvIsQueueEmpty
                0x0000000008008e68       0x2c ./Middlewares/Third_Party/FreeRTOS/Source/queue.o
 .text.prvIsQueueFull
                0x0000000008008e94       0x30 ./Middlewares/Third_Party/FreeRTOS/Source/queue.o
 .text.vQueueAddToRegistry
                0x0000000008008ec4       0x54 ./Middlewares/Third_Party/FreeRTOS/Source/queue.o
                0x0000000008008ec4                vQueueAddToRegistry
 .text.vQueueWaitForMessageRestricted
                0x0000000008008f18       0x68 ./Middlewares/Third_Party/FreeRTOS/Source/queue.o
                0x0000000008008f18                vQueueWaitForMessageRestricted
 .text.xTaskCreateStatic
                0x0000000008008f80       0xba ./Middlewares/Third_Party/FreeRTOS/Source/tasks.o
                0x0000000008008f80                xTaskCreateStatic
 .text.xTaskCreate
                0x000000000800903a       0x8a ./Middlewares/Third_Party/FreeRTOS/Source/tasks.o
                0x000000000800903a                xTaskCreate
 .text.prvInitialiseNewTask
                0x00000000080090c4      0x10e ./Middlewares/Third_Party/FreeRTOS/Source/tasks.o
 *fill*         0x00000000080091d2        0x2 
 .text.prvAddNewTaskToReadyList
                0x00000000080091d4       0xd4 ./Middlewares/Third_Party/FreeRTOS/Source/tasks.o
 .text.vTaskDelay
                0x00000000080092a8       0x68 ./Middlewares/Third_Party/FreeRTOS/Source/tasks.o
                0x00000000080092a8                vTaskDelay
 .text.vTaskStartScheduler
                0x0000000008009310       0xcc ./Middlewares/Third_Party/FreeRTOS/Source/tasks.o
                0x0000000008009310                vTaskStartScheduler
 .text.vTaskSuspendAll
                0x00000000080093dc       0x1c ./Middlewares/Third_Party/FreeRTOS/Source/tasks.o
                0x00000000080093dc                vTaskSuspendAll
 .text.xTaskResumeAll
                0x00000000080093f8      0x138 ./Middlewares/Third_Party/FreeRTOS/Source/tasks.o
                0x00000000080093f8                xTaskResumeAll
 .text.xTaskGetTickCount
                0x0000000008009530       0x20 ./Middlewares/Third_Party/FreeRTOS/Source/tasks.o
                0x0000000008009530                xTaskGetTickCount
 .text.xTaskIncrementTick
                0x0000000008009550      0x170 ./Middlewares/Third_Party/FreeRTOS/Source/tasks.o
                0x0000000008009550                xTaskIncrementTick
 .text.vTaskSwitchContext
                0x00000000080096c0       0xb8 ./Middlewares/Third_Party/FreeRTOS/Source/tasks.o
                0x00000000080096c0                vTaskSwitchContext
 .text.vTaskPlaceOnEventList
                0x0000000008009778       0x48 ./Middlewares/Third_Party/FreeRTOS/Source/tasks.o
                0x0000000008009778                vTaskPlaceOnEventList
 .text.vTaskPlaceOnEventListRestricted
                0x00000000080097c0       0x58 ./Middlewares/Third_Party/FreeRTOS/Source/tasks.o
                0x00000000080097c0                vTaskPlaceOnEventListRestricted
 .text.xTaskRemoveFromEventList
                0x0000000008009818       0xc4 ./Middlewares/Third_Party/FreeRTOS/Source/tasks.o
                0x0000000008009818                xTaskRemoveFromEventList
 .text.vTaskInternalSetTimeOutState
                0x00000000080098dc       0x2c ./Middlewares/Third_Party/FreeRTOS/Source/tasks.o
                0x00000000080098dc                vTaskInternalSetTimeOutState
 .text.xTaskCheckForTimeOut
                0x0000000008009908       0xc4 ./Middlewares/Third_Party/FreeRTOS/Source/tasks.o
                0x0000000008009908                xTaskCheckForTimeOut
 .text.vTaskMissedYield
                0x00000000080099cc       0x18 ./Middlewares/Third_Party/FreeRTOS/Source/tasks.o
                0x00000000080099cc                vTaskMissedYield
 .text.prvIdleTask
                0x00000000080099e4       0x34 ./Middlewares/Third_Party/FreeRTOS/Source/tasks.o
 .text.prvInitialiseTaskLists
                0x0000000008009a18       0x80 ./Middlewares/Third_Party/FreeRTOS/Source/tasks.o
 .text.prvCheckTasksWaitingTermination
                0x0000000008009a98       0x5c ./Middlewares/Third_Party/FreeRTOS/Source/tasks.o
 .text.prvDeleteTCB
                0x0000000008009af4       0x5e ./Middlewares/Third_Party/FreeRTOS/Source/tasks.o
 *fill*         0x0000000008009b52        0x2 
 .text.prvResetNextTaskUnblockTime
                0x0000000008009b54       0x40 ./Middlewares/Third_Party/FreeRTOS/Source/tasks.o
 .text.xTaskGetSchedulerState
                0x0000000008009b94       0x3c ./Middlewares/Third_Party/FreeRTOS/Source/tasks.o
                0x0000000008009b94                xTaskGetSchedulerState
 .text.xTaskPriorityDisinherit
                0x0000000008009bd0      0x10c ./Middlewares/Third_Party/FreeRTOS/Source/tasks.o
                0x0000000008009bd0                xTaskPriorityDisinherit
 .text.prvAddCurrentTaskToDelayedList
                0x0000000008009cdc       0xcc ./Middlewares/Third_Party/FreeRTOS/Source/tasks.o
 .text.xTimerCreateTimerTask
                0x0000000008009da8       0x90 ./Middlewares/Third_Party/FreeRTOS/Source/timers.o
                0x0000000008009da8                xTimerCreateTimerTask
 .text.xTimerCreate
                0x0000000008009e38       0x42 ./Middlewares/Third_Party/FreeRTOS/Source/timers.o
                0x0000000008009e38                xTimerCreate
 .text.prvInitialiseNewTimer
                0x0000000008009e7a       0x76 ./Middlewares/Third_Party/FreeRTOS/Source/timers.o
 .text.xTimerGenericCommand
                0x0000000008009ef0       0x9c ./Middlewares/Third_Party/FreeRTOS/Source/timers.o
                0x0000000008009ef0                xTimerGenericCommand
 .text.prvProcessExpiredTimer
                0x0000000008009f8c       0x98 ./Middlewares/Third_Party/FreeRTOS/Source/timers.o
 .text.prvTimerTask
                0x000000000800a024       0x24 ./Middlewares/Third_Party/FreeRTOS/Source/timers.o
 .text.prvProcessTimerOrBlockTask
                0x000000000800a048       0x9c ./Middlewares/Third_Party/FreeRTOS/Source/timers.o
 .text.prvGetNextExpireTime
                0x000000000800a0e4       0x48 ./Middlewares/Third_Party/FreeRTOS/Source/timers.o
 .text.prvSampleTimeNow
                0x000000000800a12c       0x40 ./Middlewares/Third_Party/FreeRTOS/Source/timers.o
 .text.prvInsertTimerInActiveList
                0x000000000800a16c       0x84 ./Middlewares/Third_Party/FreeRTOS/Source/timers.o
 .text.prvProcessReceivedCommands
                0x000000000800a1f0      0x1c4 ./Middlewares/Third_Party/FreeRTOS/Source/timers.o
 .text.prvSwitchTimerLists
                0x000000000800a3b4       0xc8 ./Middlewares/Third_Party/FreeRTOS/Source/timers.o
 .text.prvCheckForValidListAndQueue
                0x000000000800a47c       0x80 ./Middlewares/Third_Party/FreeRTOS/Source/timers.o
 .text.pxPortInitialiseStack
                0x000000000800a4fc       0x68 ./Middlewares/Third_Party/FreeRTOS/Source/portable/GCC/ARM_CM4F/port.o
                0x000000000800a4fc                pxPortInitialiseStack
 .text.prvTaskExitError
                0x000000000800a564       0x58 ./Middlewares/Third_Party/FreeRTOS/Source/portable/GCC/ARM_CM4F/port.o
 *fill*         0x000000000800a5bc        0x4 
 .text.SVC_Handler
                0x000000000800a5c0       0x28 ./Middlewares/Third_Party/FreeRTOS/Source/portable/GCC/ARM_CM4F/port.o
                0x000000000800a5c0                SVC_Handler
 .text.prvPortStartFirstTask
                0x000000000800a5e8       0x28 ./Middlewares/Third_Party/FreeRTOS/Source/portable/GCC/ARM_CM4F/port.o
 .text.xPortStartScheduler
                0x000000000800a610      0x144 ./Middlewares/Third_Party/FreeRTOS/Source/portable/GCC/ARM_CM4F/port.o
                0x000000000800a610                xPortStartScheduler
 .text.vPortEnterCritical
                0x000000000800a754       0x60 ./Middlewares/Third_Party/FreeRTOS/Source/portable/GCC/ARM_CM4F/port.o
                0x000000000800a754                vPortEnterCritical
 .text.vPortExitCritical
                0x000000000800a7b4       0x54 ./Middlewares/Third_Party/FreeRTOS/Source/portable/GCC/ARM_CM4F/port.o
                0x000000000800a7b4                vPortExitCritical
 *fill*         0x000000000800a808        0x8 
 .text.PendSV_Handler
                0x000000000800a810       0x68 ./Middlewares/Third_Party/FreeRTOS/Source/portable/GCC/ARM_CM4F/port.o
                0x000000000800a810                PendSV_Handler
 .text.SysTick_Handler
                0x000000000800a878       0x44 ./Middlewares/Third_Party/FreeRTOS/Source/portable/GCC/ARM_CM4F/port.o
                0x000000000800a878                SysTick_Handler
 .text.vPortSetupTimerInterrupt
                0x000000000800a8bc       0x48 ./Middlewares/Third_Party/FreeRTOS/Source/portable/GCC/ARM_CM4F/port.o
                0x000000000800a8bc                vPortSetupTimerInterrupt
 .text.vPortEnableVFP
                0x000000000800a904       0x14 ./Middlewares/Third_Party/FreeRTOS/Source/portable/GCC/ARM_CM4F/port.o
 .text.vPortValidateInterruptPriority
                0x000000000800a918       0x80 ./Middlewares/Third_Party/FreeRTOS/Source/portable/GCC/ARM_CM4F/port.o
                0x000000000800a918                vPortValidateInterruptPriority
 .text.pvPortMalloc
                0x000000000800a998      0x198 ./Middlewares/Third_Party/FreeRTOS/Source/portable/MemMang/heap_4.o
                0x000000000800a998                pvPortMalloc
 .text.vPortFree
                0x000000000800ab30       0xc4 ./Middlewares/Third_Party/FreeRTOS/Source/portable/MemMang/heap_4.o
                0x000000000800ab30                vPortFree
 .text.prvHeapInit
                0x000000000800abf4       0xc4 ./Middlewares/Third_Party/FreeRTOS/Source/portable/MemMang/heap_4.o
 .text.prvInsertBlockIntoFreeList
                0x000000000800acb8       0xb4 ./Middlewares/Third_Party/FreeRTOS/Source/portable/MemMang/heap_4.o
 .text.__errno  0x000000000800ad6c        0xc e:/programs/stm_cube_ide/stm32cubeide_1.9.0/stm32cubeide/plugins/com.st.stm32cube.ide.mcu.externaltools.gnu-tools-for-stm32.10.3-2021.10.win32_1.0.0.202111181127/tools/bin/../lib/gcc/arm-none-eabi/10.3.1/../../../../arm-none-eabi/lib/thumb/v7e-m+fp/hard\libc_nano.a(lib_a-errno.o)
                0x000000000800ad6c                __errno
 .text.__libc_init_array
                0x000000000800ad78       0x48 e:/programs/stm_cube_ide/stm32cubeide_1.9.0/stm32cubeide/plugins/com.st.stm32cube.ide.mcu.externaltools.gnu-tools-for-stm32.10.3-2021.10.win32_1.0.0.202111181127/tools/bin/../lib/gcc/arm-none-eabi/10.3.1/../../../../arm-none-eabi/lib/thumb/v7e-m+fp/hard\libc_nano.a(lib_a-init.o)
                0x000000000800ad78                __libc_init_array
 .text.memcpy   0x000000000800adc0       0x1c e:/programs/stm_cube_ide/stm32cubeide_1.9.0/stm32cubeide/plugins/com.st.stm32cube.ide.mcu.externaltools.gnu-tools-for-stm32.10.3-2021.10.win32_1.0.0.202111181127/tools/bin/../lib/gcc/arm-none-eabi/10.3.1/../../../../arm-none-eabi/lib/thumb/v7e-m+fp/hard\libc_nano.a(lib_a-memcpy-stub.o)
                0x000000000800adc0                memcpy
 .text.memset   0x000000000800addc       0x10 e:/programs/stm_cube_ide/stm32cubeide_1.9.0/stm32cubeide/plugins/com.st.stm32cube.ide.mcu.externaltools.gnu-tools-for-stm32.10.3-2021.10.win32_1.0.0.202111181127/tools/bin/../lib/gcc/arm-none-eabi/10.3.1/../../../../arm-none-eabi/lib/thumb/v7e-m+fp/hard\libc_nano.a(lib_a-memset.o)
                0x000000000800addc                memset
 .text.sprintf  0x000000000800adec       0x40 e:/programs/stm_cube_ide/stm32cubeide_1.9.0/stm32cubeide/plugins/com.st.stm32cube.ide.mcu.externaltools.gnu-tools-for-stm32.10.3-2021.10.win32_1.0.0.202111181127/tools/bin/../lib/gcc/arm-none-eabi/10.3.1/../../../../arm-none-eabi/lib/thumb/v7e-m+fp/hard\libc_nano.a(lib_a-sprintf.o)
                0x000000000800adec                siprintf
                0x000000000800adec                sprintf
 .text.sscanf   0x000000000800ae2c       0x58 e:/programs/stm_cube_ide/stm32cubeide_1.9.0/stm32cubeide/plugins/com.st.stm32cube.ide.mcu.externaltools.gnu-tools-for-stm32.10.3-2021.10.win32_1.0.0.202111181127/tools/bin/../lib/gcc/arm-none-eabi/10.3.1/../../../../arm-none-eabi/lib/thumb/v7e-m+fp/hard\libc_nano.a(lib_a-sscanf.o)
                0x000000000800ae2c                siscanf
                0x000000000800ae2c                sscanf
 .text.__seofread
                0x000000000800ae84        0x4 e:/programs/stm_cube_ide/stm32cubeide_1.9.0/stm32cubeide/plugins/com.st.stm32cube.ide.mcu.externaltools.gnu-tools-for-stm32.10.3-2021.10.win32_1.0.0.202111181127/tools/bin/../lib/gcc/arm-none-eabi/10.3.1/../../../../arm-none-eabi/lib/thumb/v7e-m+fp/hard\libc_nano.a(lib_a-stdio.o)
                0x000000000800ae84                __seofread
 .text.__ssputs_r
                0x000000000800ae88       0xb6 e:/programs/stm_cube_ide/stm32cubeide_1.9.0/stm32cubeide/plugins/com.st.stm32cube.ide.mcu.externaltools.gnu-tools-for-stm32.10.3-2021.10.win32_1.0.0.202111181127/tools/bin/../lib/gcc/arm-none-eabi/10.3.1/../../../../arm-none-eabi/lib/thumb/v7e-m+fp/hard\libc_nano.a(lib_a-nano-svfprintf.o)
                0x000000000800ae88                __ssputs_r
 *fill*         0x000000000800af3e        0x2 
 .text._svfprintf_r
                0x000000000800af40      0x200 e:/programs/stm_cube_ide/stm32cubeide_1.9.0/stm32cubeide/plugins/com.st.stm32cube.ide.mcu.externaltools.gnu-tools-for-stm32.10.3-2021.10.win32_1.0.0.202111181127/tools/bin/../lib/gcc/arm-none-eabi/10.3.1/../../../../arm-none-eabi/lib/thumb/v7e-m+fp/hard\libc_nano.a(lib_a-nano-svfprintf.o)
                0x000000000800af40                _svfiprintf_r
                0x000000000800af40                _svfprintf_r
 .text._sungetc_r
                0x000000000800b140       0x7a e:/programs/stm_cube_ide/stm32cubeide_1.9.0/stm32cubeide/plugins/com.st.stm32cube.ide.mcu.externaltools.gnu-tools-for-stm32.10.3-2021.10.win32_1.0.0.202111181127/tools/bin/../lib/gcc/arm-none-eabi/10.3.1/../../../../arm-none-eabi/lib/thumb/v7e-m+fp/hard\libc_nano.a(lib_a-nano-svfscanf.o)
                0x000000000800b140                _sungetc_r
 .text.__ssrefill_r
                0x000000000800b1ba       0x3a e:/programs/stm_cube_ide/stm32cubeide_1.9.0/stm32cubeide/plugins/com.st.stm32cube.ide.mcu.externaltools.gnu-tools-for-stm32.10.3-2021.10.win32_1.0.0.202111181127/tools/bin/../lib/gcc/arm-none-eabi/10.3.1/../../../../arm-none-eabi/lib/thumb/v7e-m+fp/hard\libc_nano.a(lib_a-nano-svfscanf.o)
                0x000000000800b1ba                __ssrefill_r
 .text.__ssvfscanf_r
                0x000000000800b1f4      0x2f0 e:/programs/stm_cube_ide/stm32cubeide_1.9.0/stm32cubeide/plugins/com.st.stm32cube.ide.mcu.externaltools.gnu-tools-for-stm32.10.3-2021.10.win32_1.0.0.202111181127/tools/bin/../lib/gcc/arm-none-eabi/10.3.1/../../../../arm-none-eabi/lib/thumb/v7e-m+fp/hard\libc_nano.a(lib_a-nano-svfscanf.o)
                0x000000000800b1f4                __ssvfiscanf_r
                0x000000000800b1f4                __ssvfscanf_r
 .text._printf_common
                0x000000000800b4e4       0xda e:/programs/stm_cube_ide/stm32cubeide_1.9.0/stm32cubeide/plugins/com.st.stm32cube.ide.mcu.externaltools.gnu-tools-for-stm32.10.3-2021.10.win32_1.0.0.202111181127/tools/bin/../lib/gcc/arm-none-eabi/10.3.1/../../../../arm-none-eabi/lib/thumb/v7e-m+fp/hard\libc_nano.a(lib_a-nano-vfprintf_i.o)
                0x000000000800b4e4                _printf_common
 *fill*         0x000000000800b5be        0x2 
 .text._printf_i
                0x000000000800b5c0      0x24c e:/programs/stm_cube_ide/stm32cubeide_1.9.0/stm32cubeide/plugins/com.st.stm32cube.ide.mcu.externaltools.gnu-tools-for-stm32.10.3-2021.10.win32_1.0.0.202111181127/tools/bin/../lib/gcc/arm-none-eabi/10.3.1/../../../../arm-none-eabi/lib/thumb/v7e-m+fp/hard\libc_nano.a(lib_a-nano-vfprintf_i.o)
                0x000000000800b5c0                _printf_i
 .text._scanf_chars
                0x000000000800b80c       0xb4 e:/programs/stm_cube_ide/stm32cubeide_1.9.0/stm32cubeide/plugins/com.st.stm32cube.ide.mcu.externaltools.gnu-tools-for-stm32.10.3-2021.10.win32_1.0.0.202111181127/tools/bin/../lib/gcc/arm-none-eabi/10.3.1/../../../../arm-none-eabi/lib/thumb/v7e-m+fp/hard\libc_nano.a(lib_a-nano-vfscanf_i.o)
                0x000000000800b80c                _scanf_chars
 .text._scanf_i
                0x000000000800b8c0      0x1f0 e:/programs/stm_cube_ide/stm32cubeide_1.9.0/stm32cubeide/plugins/com.st.stm32cube.ide.mcu.externaltools.gnu-tools-for-stm32.10.3-2021.10.win32_1.0.0.202111181127/tools/bin/../lib/gcc/arm-none-eabi/10.3.1/../../../../arm-none-eabi/lib/thumb/v7e-m+fp/hard\libc_nano.a(lib_a-nano-vfscanf_i.o)
                0x000000000800b8c0                _scanf_i
 .text.__sccl   0x000000000800bab0       0x70 e:/programs/stm_cube_ide/stm32cubeide_1.9.0/stm32cubeide/plugins/com.st.stm32cube.ide.mcu.externaltools.gnu-tools-for-stm32.10.3-2021.10.win32_1.0.0.202111181127/tools/bin/../lib/gcc/arm-none-eabi/10.3.1/../../../../arm-none-eabi/lib/thumb/v7e-m+fp/hard\libc_nano.a(lib_a-sccl.o)
                0x000000000800bab0                __sccl
 .text._strtol_l.constprop.0
                0x000000000800bb20      0x104 e:/programs/stm_cube_ide/stm32cubeide_1.9.0/stm32cubeide/plugins/com.st.stm32cube.ide.mcu.externaltools.gnu-tools-for-stm32.10.3-2021.10.win32_1.0.0.202111181127/tools/bin/../lib/gcc/arm-none-eabi/10.3.1/../../../../arm-none-eabi/lib/thumb/v7e-m+fp/hard\libc_nano.a(lib_a-strtol.o)
 .text._strtol_r
                0x000000000800bc24        0x4 e:/programs/stm_cube_ide/stm32cubeide_1.9.0/stm32cubeide/plugins/com.st.stm32cube.ide.mcu.externaltools.gnu-tools-for-stm32.10.3-2021.10.win32_1.0.0.202111181127/tools/bin/../lib/gcc/arm-none-eabi/10.3.1/../../../../arm-none-eabi/lib/thumb/v7e-m+fp/hard\libc_nano.a(lib_a-strtol.o)
                0x000000000800bc24                _strtol_r
 .text._strtoul_l.constprop.0
                0x000000000800bc28       0xe4 e:/programs/stm_cube_ide/stm32cubeide_1.9.0/stm32cubeide/plugins/com.st.stm32cube.ide.mcu.externaltools.gnu-tools-for-stm32.10.3-2021.10.win32_1.0.0.202111181127/tools/bin/../lib/gcc/arm-none-eabi/10.3.1/../../../../arm-none-eabi/lib/thumb/v7e-m+fp/hard\libc_nano.a(lib_a-strtoul.o)
 .text._strtoul_r
                0x000000000800bd0c        0x4 e:/programs/stm_cube_ide/stm32cubeide_1.9.0/stm32cubeide/plugins/com.st.stm32cube.ide.mcu.externaltools.gnu-tools-for-stm32.10.3-2021.10.win32_1.0.0.202111181127/tools/bin/../lib/gcc/arm-none-eabi/10.3.1/../../../../arm-none-eabi/lib/thumb/v7e-m+fp/hard\libc_nano.a(lib_a-strtoul.o)
                0x000000000800bd0c                _strtoul_r
 .text.__submore
                0x000000000800bd10       0x74 e:/programs/stm_cube_ide/stm32cubeide_1.9.0/stm32cubeide/plugins/com.st.stm32cube.ide.mcu.externaltools.gnu-tools-for-stm32.10.3-2021.10.win32_1.0.0.202111181127/tools/bin/../lib/gcc/arm-none-eabi/10.3.1/../../../../arm-none-eabi/lib/thumb/v7e-m+fp/hard\libc_nano.a(lib_a-ungetc.o)
                0x000000000800bd10                __submore
 .text.__retarget_lock_acquire_recursive
                0x000000000800bd84        0x2 e:/programs/stm_cube_ide/stm32cubeide_1.9.0/stm32cubeide/plugins/com.st.stm32cube.ide.mcu.externaltools.gnu-tools-for-stm32.10.3-2021.10.win32_1.0.0.202111181127/tools/bin/../lib/gcc/arm-none-eabi/10.3.1/../../../../arm-none-eabi/lib/thumb/v7e-m+fp/hard\libc_nano.a(lib_a-lock.o)
                0x000000000800bd84                __retarget_lock_acquire_recursive
 .text.__retarget_lock_release_recursive
                0x000000000800bd86        0x2 e:/programs/stm_cube_ide/stm32cubeide_1.9.0/stm32cubeide/plugins/com.st.stm32cube.ide.mcu.externaltools.gnu-tools-for-stm32.10.3-2021.10.win32_1.0.0.202111181127/tools/bin/../lib/gcc/arm-none-eabi/10.3.1/../../../../arm-none-eabi/lib/thumb/v7e-m+fp/hard\libc_nano.a(lib_a-lock.o)
                0x000000000800bd86                __retarget_lock_release_recursive
 .text.memmove  0x000000000800bd88       0x34 e:/programs/stm_cube_ide/stm32cubeide_1.9.0/stm32cubeide/plugins/com.st.stm32cube.ide.mcu.externaltools.gnu-tools-for-stm32.10.3-2021.10.win32_1.0.0.202111181127/tools/bin/../lib/gcc/arm-none-eabi/10.3.1/../../../../arm-none-eabi/lib/thumb/v7e-m+fp/hard\libc_nano.a(lib_a-memmove.o)
                0x000000000800bd88                memmove
 .text._free_r  0x000000000800bdbc       0x98 e:/programs/stm_cube_ide/stm32cubeide_1.9.0/stm32cubeide/plugins/com.st.stm32cube.ide.mcu.externaltools.gnu-tools-for-stm32.10.3-2021.10.win32_1.0.0.202111181127/tools/bin/../lib/gcc/arm-none-eabi/10.3.1/../../../../arm-none-eabi/lib/thumb/v7e-m+fp/hard\libc_nano.a(lib_a-nano-freer.o)
                0x000000000800bdbc                _free_r
 .text.sbrk_aligned
                0x000000000800be54       0x40 e:/programs/stm_cube_ide/stm32cubeide_1.9.0/stm32cubeide/plugins/com.st.stm32cube.ide.mcu.externaltools.gnu-tools-for-stm32.10.3-2021.10.win32_1.0.0.202111181127/tools/bin/../lib/gcc/arm-none-eabi/10.3.1/../../../../arm-none-eabi/lib/thumb/v7e-m+fp/hard\libc_nano.a(lib_a-nano-mallocr.o)
 .text._malloc_r
                0x000000000800be94       0xe8 e:/programs/stm_cube_ide/stm32cubeide_1.9.0/stm32cubeide/plugins/com.st.stm32cube.ide.mcu.externaltools.gnu-tools-for-stm32.10.3-2021.10.win32_1.0.0.202111181127/tools/bin/../lib/gcc/arm-none-eabi/10.3.1/../../../../arm-none-eabi/lib/thumb/v7e-m+fp/hard\libc_nano.a(lib_a-nano-mallocr.o)
                0x000000000800be94                _malloc_r
 .text._realloc_r
                0x000000000800bf7c       0x5e e:/programs/stm_cube_ide/stm32cubeide_1.9.0/stm32cubeide/plugins/com.st.stm32cube.ide.mcu.externaltools.gnu-tools-for-stm32.10.3-2021.10.win32_1.0.0.202111181127/tools/bin/../lib/gcc/arm-none-eabi/10.3.1/../../../../arm-none-eabi/lib/thumb/v7e-m+fp/hard\libc_nano.a(lib_a-nano-reallocr.o)
                0x000000000800bf7c                _realloc_r
 *fill*         0x000000000800bfda        0x2 
 .text._sbrk_r  0x000000000800bfdc       0x20 e:/programs/stm_cube_ide/stm32cubeide_1.9.0/stm32cubeide/plugins/com.st.stm32cube.ide.mcu.externaltools.gnu-tools-for-stm32.10.3-2021.10.win32_1.0.0.202111181127/tools/bin/../lib/gcc/arm-none-eabi/10.3.1/../../../../arm-none-eabi/lib/thumb/v7e-m+fp/hard\libc_nano.a(lib_a-sbrkr.o)
                0x000000000800bfdc                _sbrk_r
 .text.__malloc_lock
                0x000000000800bffc        0xc e:/programs/stm_cube_ide/stm32cubeide_1.9.0/stm32cubeide/plugins/com.st.stm32cube.ide.mcu.externaltools.gnu-tools-for-stm32.10.3-2021.10.win32_1.0.0.202111181127/tools/bin/../lib/gcc/arm-none-eabi/10.3.1/../../../../arm-none-eabi/lib/thumb/v7e-m+fp/hard\libc_nano.a(lib_a-mlock.o)
                0x000000000800bffc                __malloc_lock
 .text.__malloc_unlock
                0x000000000800c008        0xc e:/programs/stm_cube_ide/stm32cubeide_1.9.0/stm32cubeide/plugins/com.st.stm32cube.ide.mcu.externaltools.gnu-tools-for-stm32.10.3-2021.10.win32_1.0.0.202111181127/tools/bin/../lib/gcc/arm-none-eabi/10.3.1/../../../../arm-none-eabi/lib/thumb/v7e-m+fp/hard\libc_nano.a(lib_a-mlock.o)
                0x000000000800c008                __malloc_unlock
 .text._malloc_usable_size_r
                0x000000000800c014       0x10 e:/programs/stm_cube_ide/stm32cubeide_1.9.0/stm32cubeide/plugins/com.st.stm32cube.ide.mcu.externaltools.gnu-tools-for-stm32.10.3-2021.10.win32_1.0.0.202111181127/tools/bin/../lib/gcc/arm-none-eabi/10.3.1/../../../../arm-none-eabi/lib/thumb/v7e-m+fp/hard\libc_nano.a(lib_a-nano-msizer.o)
                0x000000000800c014                _malloc_usable_size_r
 .text.pow      0x000000000800c024       0xe0 e:/programs/stm_cube_ide/stm32cubeide_1.9.0/stm32cubeide/plugins/com.st.stm32cube.ide.mcu.externaltools.gnu-tools-for-stm32.10.3-2021.10.win32_1.0.0.202111181127/tools/bin/../lib/gcc/arm-none-eabi/10.3.1/../../../../arm-none-eabi/lib/thumb/v7e-m+fp/hard\libm.a(lib_a-w_pow.o)
                0x000000000800c024                pow
 .text.sqrt     0x000000000800c104       0x58 e:/programs/stm_cube_ide/stm32cubeide_1.9.0/stm32cubeide/plugins/com.st.stm32cube.ide.mcu.externaltools.gnu-tools-for-stm32.10.3-2021.10.win32_1.0.0.202111181127/tools/bin/../lib/gcc/arm-none-eabi/10.3.1/../../../../arm-none-eabi/lib/thumb/v7e-m+fp/hard\libm.a(lib_a-w_sqrt.o)
                0x000000000800c104                sqrt
 *fill*         0x000000000800c15c        0x4 
 .text.__ieee754_pow
                0x000000000800c160      0xa5c e:/programs/stm_cube_ide/stm32cubeide_1.9.0/stm32cubeide/plugins/com.st.stm32cube.ide.mcu.externaltools.gnu-tools-for-stm32.10.3-2021.10.win32_1.0.0.202111181127/tools/bin/../lib/gcc/arm-none-eabi/10.3.1/../../../../arm-none-eabi/lib/thumb/v7e-m+fp/hard\libm.a(lib_a-e_pow.o)
                0x000000000800c160                __ieee754_pow
 .text.__ieee754_sqrt
                0x000000000800cbbc      0x164 e:/programs/stm_cube_ide/stm32cubeide_1.9.0/stm32cubeide/plugins/com.st.stm32cube.ide.mcu.externaltools.gnu-tools-for-stm32.10.3-2021.10.win32_1.0.0.202111181127/tools/bin/../lib/gcc/arm-none-eabi/10.3.1/../../../../arm-none-eabi/lib/thumb/v7e-m+fp/hard\libm.a(lib_a-e_sqrt.o)
                0x000000000800cbbc                __ieee754_sqrt
 .text.with_errno
                0x000000000800cd20       0x14 e:/programs/stm_cube_ide/stm32cubeide_1.9.0/stm32cubeide/plugins/com.st.stm32cube.ide.mcu.externaltools.gnu-tools-for-stm32.10.3-2021.10.win32_1.0.0.202111181127/tools/bin/../lib/gcc/arm-none-eabi/10.3.1/../../../../arm-none-eabi/lib/thumb/v7e-m+fp/hard\libm.a(lib_a-math_err.o)
 .text.xflow    0x000000000800cd34       0x28 e:/programs/stm_cube_ide/stm32cubeide_1.9.0/stm32cubeide/plugins/com.st.stm32cube.ide.mcu.externaltools.gnu-tools-for-stm32.10.3-2021.10.win32_1.0.0.202111181127/tools/bin/../lib/gcc/arm-none-eabi/10.3.1/../../../../arm-none-eabi/lib/thumb/v7e-m+fp/hard\libm.a(lib_a-math_err.o)
 .text.__math_uflow
                0x000000000800cd5c       0x12 e:/programs/stm_cube_ide/stm32cubeide_1.9.0/stm32cubeide/plugins/com.st.stm32cube.ide.mcu.externaltools.gnu-tools-for-stm32.10.3-2021.10.win32_1.0.0.202111181127/tools/bin/../lib/gcc/arm-none-eabi/10.3.1/../../../../arm-none-eabi/lib/thumb/v7e-m+fp/hard\libm.a(lib_a-math_err.o)
                0x000000000800cd5c                __math_uflow
 .text.__math_oflow
                0x000000000800cd6e       0x12 e:/programs/stm_cube_ide/stm32cubeide_1.9.0/stm32cubeide/plugins/com.st.stm32cube.ide.mcu.externaltools.gnu-tools-for-stm32.10.3-2021.10.win32_1.0.0.202111181127/tools/bin/../lib/gcc/arm-none-eabi/10.3.1/../../../../arm-none-eabi/lib/thumb/v7e-m+fp/hard\libm.a(lib_a-math_err.o)
                0x000000000800cd6e                __math_oflow
 .text.fabs     0x000000000800cd80       0x12 e:/programs/stm_cube_ide/stm32cubeide_1.9.0/stm32cubeide/plugins/com.st.stm32cube.ide.mcu.externaltools.gnu-tools-for-stm32.10.3-2021.10.win32_1.0.0.202111181127/tools/bin/../lib/gcc/arm-none-eabi/10.3.1/../../../../arm-none-eabi/lib/thumb/v7e-m+fp/hard\libm.a(lib_a-s_fabs.o)
                0x000000000800cd80                fabs
 .text.finite   0x000000000800cd92       0x16 e:/programs/stm_cube_ide/stm32cubeide_1.9.0/stm32cubeide/plugins/com.st.stm32cube.ide.mcu.externaltools.gnu-tools-for-stm32.10.3-2021.10.win32_1.0.0.202111181127/tools/bin/../lib/gcc/arm-none-eabi/10.3.1/../../../../arm-none-eabi/lib/thumb/v7e-m+fp/hard\libm.a(lib_a-s_finite.o)
                0x000000000800cd92                finite
 .text.scalbn   0x000000000800cda8      0x10c e:/programs/stm_cube_ide/stm32cubeide_1.9.0/stm32cubeide/plugins/com.st.stm32cube.ide.mcu.externaltools.gnu-tools-for-stm32.10.3-2021.10.win32_1.0.0.202111181127/tools/bin/../lib/gcc/arm-none-eabi/10.3.1/../../../../arm-none-eabi/lib/thumb/v7e-m+fp/hard\libm.a(lib_a-s_scalbn.o)
                0x000000000800cda8                scalbn
 *(.glue_7)
 .glue_7        0x000000000800ceb4        0x0 linker stubs
 *(.glue_7t)
 .glue_7t       0x000000000800ceb4        0x0 linker stubs
 *(.eh_frame)
 .eh_frame      0x000000000800ceb4        0x0 e:/programs/stm_cube_ide/stm32cubeide_1.9.0/stm32cubeide/plugins/com.st.stm32cube.ide.mcu.externaltools.gnu-tools-for-stm32.10.3-2021.10.win32_1.0.0.202111181127/tools/bin/../lib/gcc/arm-none-eabi/10.3.1/thumb/v7e-m+fp/hard/crtbegin.o
 *(.init)
 .init          0x000000000800ceb4        0x4 e:/programs/stm_cube_ide/stm32cubeide_1.9.0/stm32cubeide/plugins/com.st.stm32cube.ide.mcu.externaltools.gnu-tools-for-stm32.10.3-2021.10.win32_1.0.0.202111181127/tools/bin/../lib/gcc/arm-none-eabi/10.3.1/thumb/v7e-m+fp/hard/crti.o
                0x000000000800ceb4                _init
 .init          0x000000000800ceb8        0x8 e:/programs/stm_cube_ide/stm32cubeide_1.9.0/stm32cubeide/plugins/com.st.stm32cube.ide.mcu.externaltools.gnu-tools-for-stm32.10.3-2021.10.win32_1.0.0.202111181127/tools/bin/../lib/gcc/arm-none-eabi/10.3.1/thumb/v7e-m+fp/hard/crtn.o
 *(.fini)
 .fini          0x000000000800cec0        0x4 e:/programs/stm_cube_ide/stm32cubeide_1.9.0/stm32cubeide/plugins/com.st.stm32cube.ide.mcu.externaltools.gnu-tools-for-stm32.10.3-2021.10.win32_1.0.0.202111181127/tools/bin/../lib/gcc/arm-none-eabi/10.3.1/thumb/v7e-m+fp/hard/crti.o
                0x000000000800cec0                _fini
 .fini          0x000000000800cec4        0x8 e:/programs/stm_cube_ide/stm32cubeide_1.9.0/stm32cubeide/plugins/com.st.stm32cube.ide.mcu.externaltools.gnu-tools-for-stm32.10.3-2021.10.win32_1.0.0.202111181127/tools/bin/../lib/gcc/arm-none-eabi/10.3.1/thumb/v7e-m+fp/hard/crtn.o
                0x000000000800cecc                . = ALIGN (0x4)
                0x000000000800cecc                _etext = .

.vfp11_veneer   0x000000000800cecc        0x0
 .vfp11_veneer  0x000000000800cecc        0x0 linker stubs

.v4_bx          0x000000000800cecc        0x0
 .v4_bx         0x000000000800cecc        0x0 linker stubs

.iplt           0x000000000800cecc        0x0
 .iplt          0x000000000800cecc        0x0 e:/programs/stm_cube_ide/stm32cubeide_1.9.0/stm32cubeide/plugins/com.st.stm32cube.ide.mcu.externaltools.gnu-tools-for-stm32.10.3-2021.10.win32_1.0.0.202111181127/tools/bin/../lib/gcc/arm-none-eabi/10.3.1/thumb/v7e-m+fp/hard/crtbegin.o

.rodata         0x000000000800ced0      0x3b8
                0x000000000800ced0                . = ALIGN (0x4)
 *(.rodata)
 .rodata        0x000000000800ced0      0x18d ./Core/Src/main.o
 *fill*         0x000000000800d05d        0x3 
 .rodata        0x000000000800d060        0x5 ./Middlewares/Third_Party/FreeRTOS/Source/tasks.o
 *fill*         0x000000000800d065        0x3 
 .rodata        0x000000000800d068        0xd ./Middlewares/Third_Party/FreeRTOS/Source/timers.o
 *fill*         0x000000000800d075        0x3 
 .rodata        0x000000000800d078        0xc e:/programs/stm_cube_ide/stm32cubeide_1.9.0/stm32cubeide/plugins/com.st.stm32cube.ide.mcu.externaltools.gnu-tools-for-stm32.10.3-2021.10.win32_1.0.0.202111181127/tools/bin/../lib/gcc/arm-none-eabi/10.3.1/../../../../arm-none-eabi/lib/thumb/v7e-m+fp/hard\libc_nano.a(lib_a-nano-vfscanf_i.o)
 *(.rodata*)
 .rodata.AHBPrescTable
                0x000000000800d084       0x10 ./Core/Src/system_stm32f4xx.o
                0x000000000800d084                AHBPrescTable
 .rodata.APBPrescTable
                0x000000000800d094        0x8 ./Core/Src/system_stm32f4xx.o
                0x000000000800d094                APBPrescTable
 .rodata.flagBitshiftOffset.0
                0x000000000800d09c        0x8 ./Drivers/STM32F4xx_HAL_Driver/Src/stm32f4xx_hal_dma.o
 .rodata._svfprintf_r.str1.1
                0x000000000800d0a4       0x11 e:/programs/stm_cube_ide/stm32cubeide_1.9.0/stm32cubeide/plugins/com.st.stm32cube.ide.mcu.externaltools.gnu-tools-for-stm32.10.3-2021.10.win32_1.0.0.202111181127/tools/bin/../lib/gcc/arm-none-eabi/10.3.1/../../../../arm-none-eabi/lib/thumb/v7e-m+fp/hard\libc_nano.a(lib_a-nano-svfprintf.o)
 .rodata.__ssvfscanf_r.str1.1
                0x000000000800d0b5        0x4 e:/programs/stm_cube_ide/stm32cubeide_1.9.0/stm32cubeide/plugins/com.st.stm32cube.ide.mcu.externaltools.gnu-tools-for-stm32.10.3-2021.10.win32_1.0.0.202111181127/tools/bin/../lib/gcc/arm-none-eabi/10.3.1/../../../../arm-none-eabi/lib/thumb/v7e-m+fp/hard\libc_nano.a(lib_a-nano-svfscanf.o)
 .rodata._printf_i.str1.1
                0x000000000800d0b5       0x22 e:/programs/stm_cube_ide/stm32cubeide_1.9.0/stm32cubeide/plugins/com.st.stm32cube.ide.mcu.externaltools.gnu-tools-for-stm32.10.3-2021.10.win32_1.0.0.202111181127/tools/bin/../lib/gcc/arm-none-eabi/10.3.1/../../../../arm-none-eabi/lib/thumb/v7e-m+fp/hard\libc_nano.a(lib_a-nano-vfprintf_i.o)
 .rodata.str1.1
                0x000000000800d0d7        0x9 e:/programs/stm_cube_ide/stm32cubeide_1.9.0/stm32cubeide/plugins/com.st.stm32cube.ide.mcu.externaltools.gnu-tools-for-stm32.10.3-2021.10.win32_1.0.0.202111181127/tools/bin/../lib/gcc/arm-none-eabi/10.3.1/../../../../arm-none-eabi/lib/thumb/v7e-m+fp/hard\libc_nano.a(lib_a-nano-vfscanf_i.o)
 .rodata._scanf_i.str1.1
                0x000000000800d0e0       0x12 e:/programs/stm_cube_ide/stm32cubeide_1.9.0/stm32cubeide/plugins/com.st.stm32cube.ide.mcu.externaltools.gnu-tools-for-stm32.10.3-2021.10.win32_1.0.0.202111181127/tools/bin/../lib/gcc/arm-none-eabi/10.3.1/../../../../arm-none-eabi/lib/thumb/v7e-m+fp/hard\libc_nano.a(lib_a-nano-vfscanf_i.o)
 .rodata._ctype_
                0x000000000800d0f2      0x101 e:/programs/stm_cube_ide/stm32cubeide_1.9.0/stm32cubeide/plugins/com.st.stm32cube.ide.mcu.externaltools.gnu-tools-for-stm32.10.3-2021.10.win32_1.0.0.202111181127/tools/bin/../lib/gcc/arm-none-eabi/10.3.1/../../../../arm-none-eabi/lib/thumb/v7e-m+fp/hard\libc_nano.a(lib_a-ctype_.o)
                0x000000000800d0f2                _ctype_
 *fill*         0x000000000800d1f3        0x1 
 .rodata.__sf_fake_stderr
                0x000000000800d1f4       0x20 e:/programs/stm_cube_ide/stm32cubeide_1.9.0/stm32cubeide/plugins/com.st.stm32cube.ide.mcu.externaltools.gnu-tools-for-stm32.10.3-2021.10.win32_1.0.0.202111181127/tools/bin/../lib/gcc/arm-none-eabi/10.3.1/../../../../arm-none-eabi/lib/thumb/v7e-m+fp/hard\libc_nano.a(lib_a-findfp.o)
                0x000000000800d1f4                __sf_fake_stderr
 .rodata.__sf_fake_stdin
                0x000000000800d214       0x20 e:/programs/stm_cube_ide/stm32cubeide_1.9.0/stm32cubeide/plugins/com.st.stm32cube.ide.mcu.externaltools.gnu-tools-for-stm32.10.3-2021.10.win32_1.0.0.202111181127/tools/bin/../lib/gcc/arm-none-eabi/10.3.1/../../../../arm-none-eabi/lib/thumb/v7e-m+fp/hard\libc_nano.a(lib_a-findfp.o)
                0x000000000800d214                __sf_fake_stdin
 .rodata.__sf_fake_stdout
                0x000000000800d234       0x20 e:/programs/stm_cube_ide/stm32cubeide_1.9.0/stm32cubeide/plugins/com.st.stm32cube.ide.mcu.externaltools.gnu-tools-for-stm32.10.3-2021.10.win32_1.0.0.202111181127/tools/bin/../lib/gcc/arm-none-eabi/10.3.1/../../../../arm-none-eabi/lib/thumb/v7e-m+fp/hard\libc_nano.a(lib_a-findfp.o)
                0x000000000800d234                __sf_fake_stdout
 *fill*         0x000000000800d254        0x4 
 .rodata.bp     0x000000000800d258       0x10 e:/programs/stm_cube_ide/stm32cubeide_1.9.0/stm32cubeide/plugins/com.st.stm32cube.ide.mcu.externaltools.gnu-tools-for-stm32.10.3-2021.10.win32_1.0.0.202111181127/tools/bin/../lib/gcc/arm-none-eabi/10.3.1/../../../../arm-none-eabi/lib/thumb/v7e-m+fp/hard\libm.a(lib_a-e_pow.o)
 .rodata.dp_h   0x000000000800d268       0x10 e:/programs/stm_cube_ide/stm32cubeide_1.9.0/stm32cubeide/plugins/com.st.stm32cube.ide.mcu.externaltools.gnu-tools-for-stm32.10.3-2021.10.win32_1.0.0.202111181127/tools/bin/../lib/gcc/arm-none-eabi/10.3.1/../../../../arm-none-eabi/lib/thumb/v7e-m+fp/hard\libm.a(lib_a-e_pow.o)
 .rodata.dp_l   0x000000000800d278       0x10 e:/programs/stm_cube_ide/stm32cubeide_1.9.0/stm32cubeide/plugins/com.st.stm32cube.ide.mcu.externaltools.gnu-tools-for-stm32.10.3-2021.10.win32_1.0.0.202111181127/tools/bin/../lib/gcc/arm-none-eabi/10.3.1/../../../../arm-none-eabi/lib/thumb/v7e-m+fp/hard\libm.a(lib_a-e_pow.o)
                0x000000000800d288                . = ALIGN (0x4)

.ARM.extab      0x000000000800d288        0x0
                0x000000000800d288                . = ALIGN (0x4)
 *(.ARM.extab* .gnu.linkonce.armextab.*)
                0x000000000800d288                . = ALIGN (0x4)

.ARM            0x000000000800d288        0x8
                0x000000000800d288                . = ALIGN (0x4)
                0x000000000800d288                __exidx_start = .
 *(.ARM.exidx*)
 .ARM.exidx     0x000000000800d288        0x8 e:/programs/stm_cube_ide/stm32cubeide_1.9.0/stm32cubeide/plugins/com.st.stm32cube.ide.mcu.externaltools.gnu-tools-for-stm32.10.3-2021.10.win32_1.0.0.202111181127/tools/bin/../lib/gcc/arm-none-eabi/10.3.1/thumb/v7e-m+fp/hard\libgcc.a(_udivmoddi4.o)
                0x000000000800d290                __exidx_end = .
                0x000000000800d290                . = ALIGN (0x4)

.rel.dyn        0x000000000800d290        0x0
 .rel.iplt      0x000000000800d290        0x0 e:/programs/stm_cube_ide/stm32cubeide_1.9.0/stm32cubeide/plugins/com.st.stm32cube.ide.mcu.externaltools.gnu-tools-for-stm32.10.3-2021.10.win32_1.0.0.202111181127/tools/bin/../lib/gcc/arm-none-eabi/10.3.1/thumb/v7e-m+fp/hard/crtbegin.o

.preinit_array  0x000000000800d290        0x0
                0x000000000800d290                . = ALIGN (0x4)
                0x000000000800d290                PROVIDE (__preinit_array_start = .)
 *(.preinit_array*)
                0x000000000800d290                PROVIDE (__preinit_array_end = .)
                0x000000000800d290                . = ALIGN (0x4)

.init_array     0x000000000800d290        0x4
                0x000000000800d290                . = ALIGN (0x4)
                0x000000000800d290                PROVIDE (__init_array_start = .)
 *(SORT_BY_NAME(.init_array.*))
 *(.init_array*)
 .init_array    0x000000000800d290        0x4 e:/programs/stm_cube_ide/stm32cubeide_1.9.0/stm32cubeide/plugins/com.st.stm32cube.ide.mcu.externaltools.gnu-tools-for-stm32.10.3-2021.10.win32_1.0.0.202111181127/tools/bin/../lib/gcc/arm-none-eabi/10.3.1/thumb/v7e-m+fp/hard/crtbegin.o
                0x000000000800d294                PROVIDE (__init_array_end = .)
                0x000000000800d294                . = ALIGN (0x4)

.fini_array     0x000000000800d294        0x4
                0x000000000800d294                . = ALIGN (0x4)
                [!provide]                        PROVIDE (__fini_array_start = .)
 *(SORT_BY_NAME(.fini_array.*))
 *(.fini_array*)
 .fini_array    0x000000000800d294        0x4 e:/programs/stm_cube_ide/stm32cubeide_1.9.0/stm32cubeide/plugins/com.st.stm32cube.ide.mcu.externaltools.gnu-tools-for-stm32.10.3-2021.10.win32_1.0.0.202111181127/tools/bin/../lib/gcc/arm-none-eabi/10.3.1/thumb/v7e-m+fp/hard/crtbegin.o
                [!provide]                        PROVIDE (__fini_array_end = .)
                0x000000000800d298                . = ALIGN (0x4)
                0x000000000800d298                _sidata = LOADADDR (.data)

.data           0x0000000020000000       0x74 load address 0x000000000800d298
                0x0000000020000000                . = ALIGN (0x4)
                0x0000000020000000                _sdata = .
 *(.data)
 *(.data*)
 .data.SystemCoreClock
                0x0000000020000000        0x4 ./Core/Src/system_stm32f4xx.o
                0x0000000020000000                SystemCoreClock
 .data.uwTickPrio
                0x0000000020000004        0x4 ./Drivers/STM32F4xx_HAL_Driver/Src/stm32f4xx_hal.o
                0x0000000020000004                uwTickPrio
 .data.uwTickFreq
                0x0000000020000008        0x1 ./Drivers/STM32F4xx_HAL_Driver/Src/stm32f4xx_hal.o
                0x0000000020000008                uwTickFreq
 *fill*         0x0000000020000009        0x3 
 .data.uxCriticalNesting
                0x000000002000000c        0x4 ./Middlewares/Third_Party/FreeRTOS/Source/portable/GCC/ARM_CM4F/port.o
 .data._impure_ptr
                0x0000000020000010        0x4 e:/programs/stm_cube_ide/stm32cubeide_1.9.0/stm32cubeide/plugins/com.st.stm32cube.ide.mcu.externaltools.gnu-tools-for-stm32.10.3-2021.10.win32_1.0.0.202111181127/tools/bin/../lib/gcc/arm-none-eabi/10.3.1/../../../../arm-none-eabi/lib/thumb/v7e-m+fp/hard\libc_nano.a(lib_a-impure.o)
                0x0000000020000010                _impure_ptr
 .data.impure_data
                0x0000000020000014       0x60 e:/programs/stm_cube_ide/stm32cubeide_1.9.0/stm32cubeide/plugins/com.st.stm32cube.ide.mcu.externaltools.gnu-tools-for-stm32.10.3-2021.10.win32_1.0.0.202111181127/tools/bin/../lib/gcc/arm-none-eabi/10.3.1/../../../../arm-none-eabi/lib/thumb/v7e-m+fp/hard\libc_nano.a(lib_a-impure.o)
 *(.RamFunc)
 *(.RamFunc*)
                0x0000000020000074                . = ALIGN (0x4)
                0x0000000020000074                _edata = .

.igot.plt       0x0000000020000074        0x0 load address 0x000000000800d30c
 .igot.plt      0x0000000020000074        0x0 e:/programs/stm_cube_ide/stm32cubeide_1.9.0/stm32cubeide/plugins/com.st.stm32cube.ide.mcu.externaltools.gnu-tools-for-stm32.10.3-2021.10.win32_1.0.0.202111181127/tools/bin/../lib/gcc/arm-none-eabi/10.3.1/thumb/v7e-m+fp/hard/crtbegin.o
                0x0000000020000074                . = ALIGN (0x4)

.bss            0x0000000020000074     0x3960 load address 0x000000000800d30c
                0x0000000020000074                _sbss = .
                0x0000000020000074                __bss_start__ = _sbss
 *(.bss)
 .bss           0x0000000020000074       0x1c e:/programs/stm_cube_ide/stm32cubeide_1.9.0/stm32cubeide/plugins/com.st.stm32cube.ide.mcu.externaltools.gnu-tools-for-stm32.10.3-2021.10.win32_1.0.0.202111181127/tools/bin/../lib/gcc/arm-none-eabi/10.3.1/thumb/v7e-m+fp/hard/crtbegin.o
 *(.bss*)
 .bss.xIdleTaskTCBBuffer
                0x0000000020000090       0x5c ./Core/Src/freertos.o
 .bss.xIdleStack
                0x00000000200000ec      0x200 ./Core/Src/freertos.o
 .bss.xTimerTaskTCBBuffer
                0x00000000200002ec       0x5c ./Core/Src/freertos.o
 .bss.xTimerStack
                0x0000000020000348      0x200 ./Core/Src/freertos.o
 .bss.hadc1     0x0000000020000548       0x48 ./Core/Src/main.o
                0x0000000020000548                hadc1
 .bss.hdma_adc1
                0x0000000020000590       0x60 ./Core/Src/main.o
                0x0000000020000590                hdma_adc1
 .bss.hi2c1     0x00000000200005f0       0x54 ./Core/Src/main.o
                0x00000000200005f0                hi2c1
 .bss.htim3     0x0000000020000644       0x48 ./Core/Src/main.o
                0x0000000020000644                htim3
 .bss.htim10    0x000000002000068c       0x48 ./Core/Src/main.o
                0x000000002000068c                htim10
 .bss.htim11    0x00000000200006d4       0x48 ./Core/Src/main.o
                0x00000000200006d4                htim11
 .bss.huart1    0x000000002000071c       0x44 ./Core/Src/main.o
                0x000000002000071c                huart1
 .bss.UltrasonicDistanceHandle
                0x0000000020000760        0x4 ./Core/Src/main.o
                0x0000000020000760                UltrasonicDistanceHandle
 .bss.LineTrackingHandle
                0x0000000020000764        0x4 ./Core/Src/main.o
                0x0000000020000764                LineTrackingHandle
 .bss.LimitSwitchHandle
                0x0000000020000768        0x4 ./Core/Src/main.o
                0x0000000020000768                LimitSwitchHandle
 .bss.InfraredMotionHandle
                0x000000002000076c        0x4 ./Core/Src/main.o
                0x000000002000076c                InfraredMotionHandle
 .bss.AccelerometerHandle
                0x0000000020000770        0x4 ./Core/Src/main.o
                0x0000000020000770                AccelerometerHandle
 .bss.MotorsHandle
                0x0000000020000774        0x4 ./Core/Src/main.o
                0x0000000020000774                MotorsHandle
 .bss.EncodersHandle
                0x0000000020000778        0x4 ./Core/Src/main.o
                0x0000000020000778                EncodersHandle
 .bss.UART_taskHandle
                0x000000002000077c        0x4 ./Core/Src/main.o
                0x000000002000077c                UART_taskHandle
 .bss.buffer    0x0000000020000780       0x5c ./Core/Src/main.o
                0x0000000020000780                buffer
 .bss.htim2     0x00000000200007dc       0x48 ./Core/Src/stm32f4xx_hal_timebase_tim.o
                0x00000000200007dc                htim2
 .bss.__sbrk_heap_end
                0x0000000020000824        0x4 ./Core/Src/sysmem.o
 .bss.uwTick    0x0000000020000828        0x4 ./Drivers/STM32F4xx_HAL_Driver/Src/stm32f4xx_hal.o
                0x0000000020000828                uwTick
 .bss.xQueueRegistry
                0x000000002000082c       0x40 ./Middlewares/Third_Party/FreeRTOS/Source/queue.o
                0x000000002000082c                xQueueRegistry
 .bss.pxCurrentTCB
                0x000000002000086c        0x4 ./Middlewares/Third_Party/FreeRTOS/Source/tasks.o
                0x000000002000086c                pxCurrentTCB
 .bss.pxReadyTasksLists
                0x0000000020000870       0x8c ./Middlewares/Third_Party/FreeRTOS/Source/tasks.o
 .bss.xDelayedTaskList1
                0x00000000200008fc       0x14 ./Middlewares/Third_Party/FreeRTOS/Source/tasks.o
 .bss.xDelayedTaskList2
                0x0000000020000910       0x14 ./Middlewares/Third_Party/FreeRTOS/Source/tasks.o
 .bss.pxDelayedTaskList
                0x0000000020000924        0x4 ./Middlewares/Third_Party/FreeRTOS/Source/tasks.o
 .bss.pxOverflowDelayedTaskList
                0x0000000020000928        0x4 ./Middlewares/Third_Party/FreeRTOS/Source/tasks.o
 .bss.xPendingReadyList
                0x000000002000092c       0x14 ./Middlewares/Third_Party/FreeRTOS/Source/tasks.o
 .bss.xTasksWaitingTermination
                0x0000000020000940       0x14 ./Middlewares/Third_Party/FreeRTOS/Source/tasks.o
 .bss.uxDeletedTasksWaitingCleanUp
                0x0000000020000954        0x4 ./Middlewares/Third_Party/FreeRTOS/Source/tasks.o
 .bss.xSuspendedTaskList
                0x0000000020000958       0x14 ./Middlewares/Third_Party/FreeRTOS/Source/tasks.o
 .bss.uxCurrentNumberOfTasks
                0x000000002000096c        0x4 ./Middlewares/Third_Party/FreeRTOS/Source/tasks.o
 .bss.xTickCount
                0x0000000020000970        0x4 ./Middlewares/Third_Party/FreeRTOS/Source/tasks.o
 .bss.uxTopReadyPriority
                0x0000000020000974        0x4 ./Middlewares/Third_Party/FreeRTOS/Source/tasks.o
 .bss.xSchedulerRunning
                0x0000000020000978        0x4 ./Middlewares/Third_Party/FreeRTOS/Source/tasks.o
 .bss.xPendedTicks
                0x000000002000097c        0x4 ./Middlewares/Third_Party/FreeRTOS/Source/tasks.o
 .bss.xYieldPending
                0x0000000020000980        0x4 ./Middlewares/Third_Party/FreeRTOS/Source/tasks.o
 .bss.xNumOfOverflows
                0x0000000020000984        0x4 ./Middlewares/Third_Party/FreeRTOS/Source/tasks.o
 .bss.uxTaskNumber
                0x0000000020000988        0x4 ./Middlewares/Third_Party/FreeRTOS/Source/tasks.o
 .bss.xNextTaskUnblockTime
                0x000000002000098c        0x4 ./Middlewares/Third_Party/FreeRTOS/Source/tasks.o
 .bss.xIdleTaskHandle
                0x0000000020000990        0x4 ./Middlewares/Third_Party/FreeRTOS/Source/tasks.o
 .bss.uxSchedulerSuspended
                0x0000000020000994        0x4 ./Middlewares/Third_Party/FreeRTOS/Source/tasks.o
 .bss.xActiveTimerList1
                0x0000000020000998       0x14 ./Middlewares/Third_Party/FreeRTOS/Source/timers.o
 .bss.xActiveTimerList2
                0x00000000200009ac       0x14 ./Middlewares/Third_Party/FreeRTOS/Source/timers.o
 .bss.pxCurrentTimerList