../Core/Src/main.c:116:5:main	224	static
../Core/Src/main.c:237:6:SystemClock_Config	88	static
../Core/Src/main.c:284:13:MX_ADC1_Init	24	static
../Core/Src/main.c:345:13:MX_I2C1_Init	8	static
../Core/Src/main.c:379:13:MX_TIM3_Init	64	static
../Core/Src/main.c:450:13:MX_TIM10_Init	24	static
../Core/Src/main.c:495:13:MX_TIM11_Init	40	static
../Core/Src/main.c:541:13:MX_USART1_UART_Init	8	static
../Core/Src/main.c:572:13:MX_DMA_Init	16	static
../Core/Src/main.c:585:13:MX_GPIO_Init	48	static
../Core/Src/main.c:649:6:HAL_TIM_IC_CaptureCallback	16	static
../Core/Src/main.c:657:6:HAL_TIM_PWM_PulseFinishedCallback	16	static
../Core/Src/main.c:665:6:vCallbackFunctionTimer1	16	static
../Core/Src/main.c:670:6:vApplicationIdleHook	4	static,ignoring_inline_asm
../Core/Src/main.c:675:1:HAL_GPIO_EXTI_Callback	40	static,ignoring_inline_asm
../Core/Src/main.c:697:6:ultrasonic_dis	56	static,ignoring_inline_asm
../Core/Src/main.c:724:6:line_tracking	16	static
../Core/Src/main.c:742:6:limit_switch	16	static
../Core/Src/main.c:760:6:infrared_motion	16	static
../Core/Src/main.c:778:6:accelerometer	24	static,ignoring_inline_asm
../Core/Src/main.c:815:6:motors	16	static,ignoring_inline_asm
../Core/Src/main.c:869:6:encoders	40	static
../Core/Src/main.c:891:6:HAL_TIM_PeriodElapsedCallback	16	static
../Core/Src/main.c:908:6:Error_Handler	4	static,ignoring_inline_asm
