../Core/Src/main.c:83:5:main	56	static
../Core/Src/main.c:161:6:SystemClock_Config	88	static
../Core/Src/main.c:208:13:MX_TIM10_Init	24	static
../Core/Src/main.c:253:13:MX_TIM11_Init	40	static
../Core/Src/main.c:299:13:MX_USART1_UART_Init	8	static
../Core/Src/main.c:332:13:MX_GPIO_Init	16	static
../Core/Src/main.c:342:6:HAL_TIM_IC_CaptureCallback	16	static
../Core/Src/main.c:350:6:HAL_TIM_PWM_PulseFinishedCallback	16	static
../Core/Src/main.c:358:6:vCallbackFunctionTimer1	16	static
../Core/Src/main.c:363:6:vApplicationIdleHook	4	static,ignoring_inline_asm
../Core/Src/main.c:376:6:ultrasonic_dis	56	static,ignoring_inline_asm
../Core/Src/main.c:404:6:HAL_TIM_PeriodElapsedCallback	16	static
../Core/Src/main.c:421:6:Error_Handler	4	static,ignoring_inline_asm
