../Core/Src/main.c:124:5:main	248	static
../Core/Src/main.c:247:6:SystemClock_Config	88	static
../Core/Src/main.c:294:13:MX_ADC1_Init	24	static
../Core/Src/main.c:355:13:MX_I2C1_Init	8	static
../Core/Src/main.c:389:13:MX_TIM3_Init	64	static
../Core/Src/main.c:460:13:MX_TIM10_Init	24	static
../Core/Src/main.c:505:13:MX_TIM11_Init	40	static
../Core/Src/main.c:551:13:MX_USART1_UART_Init	8	static
../Core/Src/main.c:582:13:MX_DMA_Init	16	static
../Core/Src/main.c:595:13:MX_GPIO_Init	48	static
../Core/Src/main.c:659:6:HAL_TIM_IC_CaptureCallback	16	static
../Core/Src/main.c:667:6:HAL_TIM_PWM_PulseFinishedCallback	16	static
../Core/Src/main.c:675:6:vCallbackFunctionTimer1	16	static
../Core/Src/main.c:680:6:vApplicationIdleHook	4	static,ignoring_inline_asm
../Core/Src/main.c:685:1:HAL_GPIO_EXTI_Callback	40	static,ignoring_inline_asm
../Core/Src/main.c:707:6:ultrasonic_dis	56	static,ignoring_inline_asm
../Core/Src/main.c:734:6:line_tracking	16	static
../Core/Src/main.c:752:6:limit_switch	16	static
../Core/Src/main.c:770:6:infrared_motion	16	static
../Core/Src/main.c:788:6:accelerometer	24	static,ignoring_inline_asm
../Core/Src/main.c:825:6:motors	16	static,ignoring_inline_asm
../Core/Src/main.c:879:6:encoders	24	static
../Core/Src/main.c:925:6:uart_task	64	static
../Core/Src/main.c:953:6:HAL_TIM_PeriodElapsedCallback	16	static
../Core/Src/main.c:970:6:Error_Handler	4	static,ignoring_inline_asm
