../Drivers/CMSIS/Include/core_cm4.h:1939:34:__NVIC_SystemReset	4	static,ignoring_inline_asm
../Core/Src/main.c:143:5:main	248	static
../Core/Src/main.c:305:6:SystemClock_Config	88	static
../Core/Src/main.c:352:13:MX_ADC1_Init	24	static
../Core/Src/main.c:404:13:MX_I2C1_Init	8	static
../Core/Src/main.c:438:13:MX_TIM3_Init	64	static
../Core/Src/main.c:509:13:MX_TIM5_Init	32	static
../Core/Src/main.c:561:13:MX_TIM10_Init	24	static
../Core/Src/main.c:606:13:MX_TIM11_Init	40	static
../Core/Src/main.c:652:13:MX_USART1_UART_Init	8	static
../Core/Src/main.c:683:13:MX_DMA_Init	16	static
../Core/Src/main.c:705:13:MX_GPIO_Init	48	static
../Core/Src/main.c:776:6:HAL_TIM_IC_CaptureCallback	16	static
../Core/Src/main.c:784:6:HAL_TIM_PWM_PulseFinishedCallback	16	static
../Core/Src/main.c:792:6:vCallbackFunctionTimer1	16	static
../Core/Src/main.c:800:6:vCallbackFunctionTimer2	16	static
../Core/Src/main.c:806:6:vApplicationIdleHook	4	static,ignoring_inline_asm
../Core/Src/main.c:811:6:HAL_GPIO_EXTI_Callback	40	static,ignoring_inline_asm
../Core/Src/main.c:825:6:UART_RxCallback	16	static
../Core/Src/main.c:830:6:DMA1_Stream2_Callback	16	static
../Core/Src/main.c:838:6:DMA1_Stream4_Callback	16	static
../Core/Src/main.c:854:6:ultrasonic_dis	56	static,ignoring_inline_asm
../Core/Src/main.c:904:6:line_tracking	32	static,ignoring_inline_asm
../Core/Src/main.c:949:6:accelerometer	24	static,ignoring_inline_asm
../Core/Src/main.c:987:6:motors	40	static,ignoring_inline_asm
../Core/Src/main.c:1084:6:encoders	24	static
../Core/Src/main.c:1112:6:uart_task	64	static
../Core/Src/main.c:1139:6:pid	56	static,ignoring_inline_asm
../Core/Src/main.c:1229:6:HAL_TIM_PeriodElapsedCallback	16	static
../Core/Src/main.c:1246:6:Error_Handler	4	static,ignoring_inline_asm
