../Core/Src/main.c:135:5:main	248	static
../Core/Src/main.c:267:6:SystemClock_Config	88	static
../Core/Src/main.c:314:13:MX_ADC1_Init	24	static
../Core/Src/main.c:366:13:MX_I2C1_Init	8	static
../Core/Src/main.c:400:13:MX_TIM3_Init	64	static
../Core/Src/main.c:471:13:MX_TIM5_Init	32	static
../Core/Src/main.c:523:13:MX_TIM10_Init	24	static
../Core/Src/main.c:568:13:MX_TIM11_Init	40	static
../Core/Src/main.c:614:13:MX_USART1_UART_Init	8	static
../Core/Src/main.c:645:13:MX_DMA_Init	16	static
../Core/Src/main.c:667:13:MX_GPIO_Init	48	static
../Core/Src/main.c:734:6:HAL_TIM_IC_CaptureCallback	16	static
../Core/Src/main.c:742:6:HAL_TIM_PWM_PulseFinishedCallback	16	static
../Core/Src/main.c:750:6:vCallbackFunctionTimer1	16	static
../Core/Src/main.c:756:6:vApplicationIdleHook	4	static,ignoring_inline_asm
../Core/Src/main.c:761:6:HAL_GPIO_EXTI_Callback	40	static,ignoring_inline_asm
../Core/Src/main.c:775:6:UART_RxCallback	16	static
../Core/Src/main.c:788:6:ultrasonic_dis	56	static,ignoring_inline_asm
../Core/Src/main.c:815:6:line_tracking	24	static,ignoring_inline_asm
../Core/Src/main.c:853:6:limit_switch	16	static
../Core/Src/main.c:871:6:infrared_motion	16	static
../Core/Src/main.c:889:6:accelerometer	24	static,ignoring_inline_asm
../Core/Src/main.c:926:6:motors	40	static,ignoring_inline_asm
../Core/Src/main.c:1049:6:encoders	24	static
../Core/Src/main.c:1095:6:uart_task	64	static
../Core/Src/main.c:1123:6:HAL_TIM_PeriodElapsedCallback	16	static
../Core/Src/main.c:1140:6:Error_Handler	4	static,ignoring_inline_asm
