../Core/Src/main.c:93:5:main	192	static
../Core/Src/main.c:191:6:SystemClock_Config	88	static
../Core/Src/main.c:238:13:MX_TIM10_Init	24	static
../Core/Src/main.c:283:13:MX_TIM11_Init	40	static
../Core/Src/main.c:329:13:MX_USART1_UART_Init	8	static
../Core/Src/main.c:362:13:MX_GPIO_Init	16	static
../Core/Src/main.c:372:6:HAL_TIM_IC_CaptureCallback	16	static
../Core/Src/main.c:380:6:HAL_TIM_PWM_PulseFinishedCallback	16	static
../Core/Src/main.c:388:6:vCallbackFunctionTimer1	16	static
../Core/Src/main.c:393:6:vApplicationIdleHook	4	static,ignoring_inline_asm
../Core/Src/main.c:406:6:ultrasonic_dis	56	static,ignoring_inline_asm
../Core/Src/main.c:433:6:line_tracking	16	static
../Core/Src/main.c:451:6:limit_switch	16	static
../Core/Src/main.c:469:6:infrared_motion	16	static
../Core/Src/main.c:487:6:accelerometer	16	static
../Core/Src/main.c:505:6:motors	16	static
../Core/Src/main.c:524:6:HAL_TIM_PeriodElapsedCallback	16	static
../Core/Src/main.c:541:6:Error_Handler	4	static,ignoring_inline_asm
