../Core/Src/main.c:108:5:main	224	static
../Core/Src/main.c:224:6:SystemClock_Config	88	static
../Core/Src/main.c:271:13:MX_ADC1_Init	24	static
../Core/Src/main.c:332:13:MX_TIM3_Init	64	static
../Core/Src/main.c:403:13:MX_TIM10_Init	24	static
../Core/Src/main.c:448:13:MX_TIM11_Init	40	static
../Core/Src/main.c:494:13:MX_USART1_UART_Init	8	static
../Core/Src/main.c:525:13:MX_DMA_Init	16	static
../Core/Src/main.c:538:13:MX_GPIO_Init	48	static
../Core/Src/main.c:571:6:HAL_TIM_IC_CaptureCallback	16	static
../Core/Src/main.c:579:6:HAL_TIM_PWM_PulseFinishedCallback	16	static
../Core/Src/main.c:587:6:vCallbackFunctionTimer1	16	static
../Core/Src/main.c:592:6:vApplicationIdleHook	4	static,ignoring_inline_asm
../Core/Src/main.c:605:6:ultrasonic_dis	56	static,ignoring_inline_asm
../Core/Src/main.c:632:6:line_tracking	16	static
../Core/Src/main.c:650:6:limit_switch	16	static
../Core/Src/main.c:668:6:infrared_motion	16	static
../Core/Src/main.c:686:6:accelerometer	16	static
../Core/Src/main.c:704:6:motors	16	static,ignoring_inline_asm
../Core/Src/main.c:758:6:encoders	40	static
../Core/Src/main.c:780:6:HAL_TIM_PeriodElapsedCallback	16	static
../Core/Src/main.c:797:6:Error_Handler	4	static,ignoring_inline_asm
