../Core/Src/main.c:129:5:main	248	static
../Core/Src/main.c:257:6:SystemClock_Config	88	static
../Core/Src/main.c:304:13:MX_ADC1_Init	24	static
../Core/Src/main.c:365:13:MX_I2C1_Init	8	static
../Core/Src/main.c:399:13:MX_TIM3_Init	64	static
../Core/Src/main.c:470:13:MX_TIM10_Init	24	static
../Core/Src/main.c:515:13:MX_TIM11_Init	40	static
../Core/Src/main.c:561:13:MX_USART1_UART_Init	8	static
../Core/Src/main.c:592:13:MX_DMA_Init	16	static
../Core/Src/main.c:605:13:MX_GPIO_Init	48	static
../Core/Src/main.c:669:6:HAL_TIM_IC_CaptureCallback	16	static
../Core/Src/main.c:677:6:HAL_TIM_PWM_PulseFinishedCallback	16	static
../Core/Src/main.c:685:6:vCallbackFunctionTimer1	16	static
../Core/Src/main.c:690:6:vApplicationIdleHook	4	static,ignoring_inline_asm
../Core/Src/main.c:695:1:HAL_GPIO_EXTI_Callback	40	static,ignoring_inline_asm
../Core/Src/main.c:709:6:UART_RxCallback	16	static
../Core/Src/main.c:722:6:ultrasonic_dis	56	static,ignoring_inline_asm
../Core/Src/main.c:749:6:line_tracking	16	static
../Core/Src/main.c:767:6:limit_switch	16	static
../Core/Src/main.c:785:6:infrared_motion	16	static
../Core/Src/main.c:803:6:accelerometer	24	static,ignoring_inline_asm
../Core/Src/main.c:840:6:motors	32	static,ignoring_inline_asm
../Core/Src/main.c:958:6:encoders	24	static
../Core/Src/main.c:1004:6:uart_task	64	static
../Core/Src/main.c:1032:6:HAL_TIM_PeriodElapsedCallback	16	static
../Core/Src/main.c:1049:6:Error_Handler	4	static,ignoring_inline_asm
