../Core/Src/main.c:131:5:main	248	static
../Core/Src/main.c:262:6:SystemClock_Config	88	static
../Core/Src/main.c:309:13:MX_ADC1_Init	24	static
../Core/Src/main.c:379:13:MX_I2C1_Init	8	static
../Core/Src/main.c:413:13:MX_TIM3_Init	64	static
../Core/Src/main.c:484:13:MX_TIM10_Init	24	static
../Core/Src/main.c:529:13:MX_TIM11_Init	40	static
../Core/Src/main.c:575:13:MX_USART1_UART_Init	8	static
../Core/Src/main.c:606:13:MX_DMA_Init	16	static
../Core/Src/main.c:619:13:MX_GPIO_Init	48	static
../Core/Src/main.c:693:6:HAL_TIM_IC_CaptureCallback	16	static
../Core/Src/main.c:701:6:HAL_TIM_PWM_PulseFinishedCallback	16	static
../Core/Src/main.c:709:6:vCallbackFunctionTimer1	16	static
../Core/Src/main.c:715:6:vApplicationIdleHook	4	static,ignoring_inline_asm
../Core/Src/main.c:720:1:HAL_GPIO_EXTI_Callback	40	static,ignoring_inline_asm
../Core/Src/main.c:734:6:UART_RxCallback	16	static
../Core/Src/main.c:747:6:ultrasonic_dis	56	static,ignoring_inline_asm
../Core/Src/main.c:774:6:line_tracking	24	static,ignoring_inline_asm
../Core/Src/main.c:812:6:limit_switch	16	static
../Core/Src/main.c:830:6:infrared_motion	16	static
../Core/Src/main.c:848:6:accelerometer	24	static,ignoring_inline_asm
../Core/Src/main.c:885:6:motors	40	static,ignoring_inline_asm
../Core/Src/main.c:1008:6:encoders	24	static
../Core/Src/main.c:1054:6:uart_task	64	static
../Core/Src/main.c:1082:6:HAL_TIM_PeriodElapsedCallback	16	static
../Core/Src/main.c:1099:6:Error_Handler	4	static,ignoring_inline_asm
