../Core/Src/main.c:147:5:main	280	static
../Core/Src/main.c:289:6:SystemClock_Config	88	static
../Core/Src/main.c:336:13:MX_ADC1_Init	24	static
../Core/Src/main.c:388:13:MX_I2C1_Init	8	static
../Core/Src/main.c:422:13:MX_TIM3_Init	64	static
../Core/Src/main.c:493:13:MX_TIM5_Init	32	static
../Core/Src/main.c:545:13:MX_TIM10_Init	24	static
../Core/Src/main.c:590:13:MX_TIM11_Init	40	static
../Core/Src/main.c:636:13:MX_USART1_UART_Init	8	static
../Core/Src/main.c:667:13:MX_DMA_Init	16	static
../Core/Src/main.c:689:13:MX_GPIO_Init	48	static
../Core/Src/main.c:756:6:HAL_TIM_IC_CaptureCallback	16	static
../Core/Src/main.c:764:6:HAL_TIM_PWM_PulseFinishedCallback	16	static
../Core/Src/main.c:772:6:vCallbackFunctionTimer1	16	static
../Core/Src/main.c:779:6:vCallbackFunctionTimer2	16	static
../Core/Src/main.c:784:6:vApplicationIdleHook	4	static,ignoring_inline_asm
../Core/Src/main.c:789:6:HAL_GPIO_EXTI_Callback	40	static,ignoring_inline_asm
../Core/Src/main.c:803:6:UART_RxCallback	16	static
../Core/Src/main.c:808:6:DMA1_Stream2_Callback	16	static
../Core/Src/main.c:816:6:DMA1_Stream4_Callback	16	static
../Core/Src/main.c:832:6:ultrasonic_dis	56	static,ignoring_inline_asm
../Core/Src/main.c:859:6:line_tracking	24	static,ignoring_inline_asm
../Core/Src/main.c:897:6:limit_switch	16	static
../Core/Src/main.c:915:6:infrared_motion	16	static
../Core/Src/main.c:933:6:accelerometer	24	static,ignoring_inline_asm
../Core/Src/main.c:970:6:motors	40	static,ignoring_inline_asm
../Core/Src/main.c:1103:6:encoders	16	static
../Core/Src/main.c:1130:6:uart_task	64	static
../Core/Src/main.c:1157:6:pid	48	static,ignoring_inline_asm
../Core/Src/main.c:1200:6:HAL_TIM_PeriodElapsedCallback	16	static
../Core/Src/main.c:1217:6:Error_Handler	4	static,ignoring_inline_asm
